nodes=3257 connected=1607 isolated=1650 X dim=1280
seed 0: val=0.723 full-ranking AUC=0.703 base=0.0122 P@0.1%=0.285 P@1%=0.095
seed 1: val=0.725 full-ranking AUC=0.692 base=0.0113 P@0.1%=0.193 P@1%=0.076
seed 2: val=0.698 full-ranking AUC=0.688 base=0.0110 P@0.1%=0.213 P@1%=0.077
seed 3: val=0.726 full-ranking AUC=0.737 base=0.0124 P@0.1%=0.145 P@1%=0.135
seed 4: val=0.747 full-ranking AUC=0.741 base=0.0119 P@0.1%=0.039 P@1%=0.061
seed 5: val=0.703 full-ranking AUC=0.708 base=0.0125 P@0.1%=0.372 P@1%=0.109
seed 6: val=0.743 full-ranking AUC=0.705 base=0.0132 P@0.1%=0.232 P@1%=0.128
seed 7: val=0.723 full-ranking AUC=0.660 base=0.0133 P@0.1%=0.101 P@1%=0.072
seed 8: val=0.696 full-ranking AUC=0.660 base=0.0124 P@0.1%=0.058 P@1%=0.042
seed 9: val=0.752 full-ranking AUC=0.715 base=0.0118 P@0.1%=0.159 P@1%=0.091
                                  mean       std
val_auc                         0.7237    0.0200
n_pairs                    206885.0000    0.0000
n_pos                        2523.2000  154.3379
base_rate                       0.0122    0.0007
full_ranking_auc                0.7010    0.0275
per_protein_precision_at5       0.0615    0.0203
per_protein_random_at5          0.0124    0.0007
precision_top0.0005             0.2146    0.1517
enrichment_top0.0005           17.7410   12.5108
precision_top0.001              0.1797    0.1025
enrichment_top0.001            14.7916    8.3604
precision_top0.002              0.1440    0.0709
enrichment_top0.002            11.8033    5.6617
precision_top0.005              0.1107    0.0434
enrichment_top0.005             9.0493    3.3388
precision_top0.01               0.0886    0.0291
enrichment_top0.01              7.2483    2.2321
precision_top0.02               0.0678    0.0194
enrichment_top0.02              5.5454    1.4533
precision_top0.05               0.0478    0.0125
enrichment_top0.05              3.9099    0.9325
precision_top0.1                0.0379    0.0077
enrichment_top0.1               3.1080    0.5737
isolated-connected: 2,651,550 candidate pairs; top score 0.951, score at rank 2000 0.884
isolated-isolated: 1,360,425 candidate pairs; top score 0.947, score at rank 2000 0.868
capped lists (<= 5 pairs per protein): 5748 / 3612 pairs from the top 5000
                            set          tier_pair  observed  expected  obs_over_exp  binom_p_bh
20           isolated-connected  Very Low–Very Low       485  634.6175        0.7642      0.0000
21           isolated-connected       Very Low–Low       197  553.9326        0.3556      0.0000
22           isolated-connected    Very Low–Medium       206  283.5496        0.7265      0.0000
23           isolated-connected      Very Low–High        66  160.7339        0.4106      0.0000
24           isolated-connected            Low–Low        80  108.7289        0.7358      0.0040
25           isolated-connected         Low–Medium       306  116.0944        2.6358      0.0000
26           isolated-connected           Low–High        97   66.9910        1.4480      0.0005
27           isolated-connected      Medium–Medium       369   30.4667       12.1116      0.0000
28           isolated-connected        Medium–High       185   34.9132        5.2989      0.0000
29           isolated-connected          High–High         9    9.9723        0.9025      1.0000
30            isolated-isolated  Very Low–Very Low       454  794.2812        0.5716      0.0000
31            isolated-isolated       Very Low–Low       113  473.9695        0.2384      0.0000
32            isolated-isolated    Very Low–Medium       171  285.9107        0.5981      0.0000
33            isolated-isolated      Very Low–High        94  172.7695        0.5441      0.0000
34            isolated-isolated            Low–Low        45   70.4118        0.6391      0.0013
35            isolated-isolated         Low–Medium       219   85.2234        2.5697      0.0000
36            isolated-isolated           Low–High       110   51.4986        2.1360      0.0000
37            isolated-isolated      Medium–Medium       380   25.5670       14.8629      0.0000
38            isolated-isolated        Medium–High       341   31.0653       10.9769      0.0000
39            isolated-isolated          High–High        73    9.3030        7.8470      0.0000
80  isolated-connected (capped)  Very Low–Very Low       452  634.6175        0.7122      0.0000
81  isolated-connected (capped)       Very Low–Low       306  553.9326        0.5524      0.0000
82  isolated-connected (capped)    Very Low–Medium       279  283.5496        0.9840      0.7976
83  isolated-connected (capped)      Very Low–High       127  160.7339        0.7901      0.0064
84  isolated-connected (capped)            Low–Low        88  108.7289        0.8094      0.0477
85  isolated-connected (capped)         Low–Medium       257  116.0944        2.2137      0.0000
86  isolated-connected (capped)           Low–High       125   66.9910        1.8659      0.0000
87  isolated-connected (capped)      Medium–Medium       196   30.4667        6.4333      0.0000
88  isolated-connected (capped)        Medium–High       139   34.9132        3.9813      0.0000
89  isolated-connected (capped)          High–High        31    9.9723        3.1086      0.0000
90   isolated-isolated (capped)  Very Low–Very Low       662  794.2812        0.8335      0.0000
91   isolated-isolated (capped)       Very Low–Low       363  473.9695        0.7659      0.0000
92   isolated-isolated (capped)    Very Low–Medium       232  285.9107        0.8114      0.0005
93   isolated-isolated (capped)      Very Low–High       129  172.7695        0.7467      0.0005
94   isolated-isolated (capped)            Low–Low        86   70.4118        1.2214      0.0600
95   isolated-isolated (capped)         Low–Medium       118   85.2234        1.3846      0.0006
96   isolated-isolated (capped)           Low–High       118   51.4986        2.2913      0.0000
97   isolated-isolated (capped)      Medium–Medium       155   25.5670        6.0625      0.0000
98   isolated-isolated (capped)        Medium–High       101   31.0653        3.2512      0.0000
99   isolated-isolated (capped)          High–High        36    9.3030        3.8697      0.0000
Saved outputs to /Users/harunpirim/orca/USDA_Protein/Results/phaseC_candidates_esm_only
