nodes=3257 connected=1607 isolated=1650 X dim=1288
seed 0: val=0.733 full-ranking AUC=0.705 base=0.0122 P@0.1%=0.179 P@1%=0.087
seed 1: val=0.730 full-ranking AUC=0.705 base=0.0113 P@0.1%=0.203 P@1%=0.073
seed 2: val=0.699 full-ranking AUC=0.698 base=0.0110 P@0.1%=0.193 P@1%=0.086
seed 3: val=0.748 full-ranking AUC=0.746 base=0.0124 P@0.1%=0.092 P@1%=0.132
seed 4: val=0.748 full-ranking AUC=0.744 base=0.0119 P@0.1%=0.034 P@1%=0.056
seed 5: val=0.732 full-ranking AUC=0.729 base=0.0125 P@0.1%=0.469 P@1%=0.142
seed 6: val=0.758 full-ranking AUC=0.728 base=0.0132 P@0.1%=0.159 P@1%=0.140
seed 7: val=0.737 full-ranking AUC=0.663 base=0.0133 P@0.1%=0.072 P@1%=0.069
seed 8: val=0.763 full-ranking AUC=0.713 base=0.0124 P@0.1%=0.072 P@1%=0.067
seed 9: val=0.764 full-ranking AUC=0.723 base=0.0118 P@0.1%=0.213 P@1%=0.111
                                  mean       std
val_auc                         0.7412    0.0196
n_pairs                    206885.0000    0.0000
n_pos                        2523.2000  154.3379
base_rate                       0.0122    0.0007
full_ranking_auc                0.7153    0.0246
per_protein_precision_at5       0.0748    0.0177
per_protein_random_at5          0.0124    0.0007
precision_top0.0005             0.1767    0.1751
enrichment_top0.0005           14.6839   14.2876
precision_top0.001              0.1686    0.1231
enrichment_top0.001            13.9378   10.0503
precision_top0.002              0.1466    0.0834
enrichment_top0.002            12.0505    6.7249
precision_top0.005              0.1181    0.0503
enrichment_top0.005             9.6832    3.9900
precision_top0.01               0.0963    0.0325
enrichment_top0.01              7.8747    2.4983
precision_top0.02               0.0755    0.0212
enrichment_top0.02              6.1782    1.5990
precision_top0.05               0.0536    0.0112
enrichment_top0.05              4.3915    0.8247
precision_top0.1                0.0413    0.0071
enrichment_top0.1               3.3890    0.5161
isolated-connected: 2,651,550 candidate pairs; top score 0.992, score at rank 2000 0.926
isolated-isolated: 1,360,425 candidate pairs; top score 0.988, score at rank 2000 0.913
capped lists (<= 5 pairs per protein): 5819 / 3610 pairs from the top 5000
                            set          tier_pair  observed  expected  obs_over_exp  binom_p_bh
20           isolated-connected  Very Low–Very Low       377  634.7910        0.5939      0.0000
21           isolated-connected       Very Low–Low       220  553.6430        0.3974      0.0000
22           isolated-connected    Very Low–Medium       265  283.7005        0.9341      0.2621
23           isolated-connected      Very Low–High        54  160.5582        0.3363      0.0000
24           isolated-connected            Low–Low       123  108.8450        1.1300      0.2091
25           isolated-connected         Low–Medium       359  116.0008        3.0948      0.0000
26           isolated-connected           Low–High       111   67.1094        1.6540      0.0000
27           isolated-connected      Medium–Medium       328   30.4441       10.7739      0.0000
28           isolated-connected        Medium–High       155   34.9335        4.4370      0.0000
29           isolated-connected          High–High         8    9.9745        0.8020      0.6352
30            isolated-isolated  Very Low–Very Low       314  792.7537        0.3961      0.0000
31            isolated-isolated       Very Low–Low       275  475.0413        0.5789      0.0000
32            isolated-isolated    Very Low–Medium       239  284.1083        0.8412      0.0039
33            isolated-isolated      Very Low–High       131  174.1309        0.7523      0.0006
34            isolated-isolated            Low–Low        76   70.8676        1.0724      0.5061
35            isolated-isolated         Low–Medium       254   85.0411        2.9868      0.0000
36            isolated-isolated           Low–High       157   52.1219        3.0122      0.0000
37            isolated-isolated      Medium–Medium       241   25.2936        9.5281      0.0000
38            isolated-isolated        Medium–High       232   31.1726        7.4424      0.0000
39            isolated-isolated          High–High        81    9.4691        8.5541      0.0000
80  isolated-connected (capped)  Very Low–Very Low       465  634.7910        0.7325      0.0000
81  isolated-connected (capped)       Very Low–Low       335  553.6430        0.6051      0.0000
82  isolated-connected (capped)    Very Low–Medium       289  283.7005        1.0187      0.7245
83  isolated-connected (capped)      Very Low–High        86  160.5582        0.5356      0.0000
84  isolated-connected (capped)            Low–Low       137  108.8450        1.2587      0.0074
85  isolated-connected (capped)         Low–Medium       184  116.0008        1.5862      0.0000
86  isolated-connected (capped)           Low–High       130   67.1094        1.9371      0.0000
87  isolated-connected (capped)      Medium–Medium       201   30.4441        6.6023      0.0000
88  isolated-connected (capped)        Medium–High       114   34.9335        3.2633      0.0000
89  isolated-connected (capped)          High–High        59    9.9745        5.9151      0.0000
90   isolated-isolated (capped)  Very Low–Very Low       775  792.7537        0.9776      0.4709
91   isolated-isolated (capped)       Very Low–Low       289  475.0413        0.6084      0.0000
92   isolated-isolated (capped)    Very Low–Medium       192  284.1083        0.6758      0.0000
93   isolated-isolated (capped)      Very Low–High        54  174.1309        0.3101      0.0000
94   isolated-isolated (capped)            Low–Low       159   70.8676        2.2436      0.0000
95   isolated-isolated (capped)         Low–Medium        83   85.0411        0.9760      0.8680
96   isolated-isolated (capped)           Low–High       125   52.1219        2.3982      0.0000
97   isolated-isolated (capped)      Medium–Medium       157   25.2936        6.2071      0.0000
98   isolated-isolated (capped)        Medium–High       105   31.1726        3.3683      0.0000
99   isolated-isolated (capped)          High–High        61    9.4691        6.4420      0.0000
Saved outputs to /Users/harunpirim/orca/USDA_Protein/Results/phaseC_candidates
