nodes=3257 connected=1607 ESM dim=480 (esm_embeddings_esm2_t12_35M_UR50D_all.npz)
=== seed 0 | positives {'train': 10896, 'val': 2354, 'test_C2': 2531, 'test_C3': 127}
  Biomni only                GCN             val=0.668 C2=0.655 C3=0.586
  Biomni only                GAT             val=0.690 C2=0.655 C3=0.595
  Biomni only                GraphSAGE       val=0.607 C2=0.603 C3=0.595
  Biomni only                MLP (no graph)  val=0.628 C2=0.623 C3=0.677
  ESM only                   GCN             val=0.695 C2=0.708 C3=0.692
  ESM only                   GAT             val=0.679 C2=0.654 C3=0.621
  ESM only                   GraphSAGE       val=0.698 C2=0.706 C3=0.631
  ESM only                   MLP (no graph)  val=0.716 C2=0.732 C3=0.698
  Node2Vec only              GCN             val=0.499 C2=0.524 C3=0.526
  Node2Vec only              GAT             val=0.496 C2=0.507 C3=0.533
  Node2Vec only              GraphSAGE       val=0.509 C2=0.494 C3=0.488
  Node2Vec only              MLP (no graph)  val=0.510 C2=0.502 C3=0.481
  Biomni + ESM               GCN             val=0.686 C2=0.692 C3=0.650
  Biomni + ESM               GAT             val=0.702 C2=0.671 C3=0.616
  Biomni + ESM               GraphSAGE       val=0.700 C2=0.712 C3=0.680
  Biomni + ESM               MLP (no graph)  val=0.729 C2=0.729 C3=0.696
  Biomni + Node2Vec          GCN             val=0.662 C2=0.650 C3=0.591
  Biomni + Node2Vec          GAT             val=0.662 C2=0.642 C3=0.586
  Biomni + Node2Vec          GraphSAGE       val=0.650 C2=0.638 C3=0.594
  Biomni + Node2Vec          MLP (no graph)  val=0.670 C2=0.659 C3=0.638
  ESM + Node2Vec             GCN             val=0.701 C2=0.698 C3=0.677
  ESM + Node2Vec             GAT             val=0.702 C2=0.691 C3=0.656
  ESM + Node2Vec             GraphSAGE       val=0.728 C2=0.721 C3=0.635
  ESM + Node2Vec             MLP (no graph)  val=0.708 C2=0.705 C3=0.652
  Biomni + ESM + Node2Vec    GCN             val=0.687 C2=0.673 C3=0.630
  Biomni + ESM + Node2Vec    GAT             val=0.715 C2=0.702 C3=0.653
  Biomni + ESM + Node2Vec    GraphSAGE       val=0.720 C2=0.715 C3=0.648
  Biomni + ESM + Node2Vec    MLP (no graph)  val=0.702 C2=0.689 C3=0.620
  baselines C2: Common neighbors=0.500, Adamic-Adar=0.500, Resource allocation=0.500, Preferential attachment=0.500, ESM cosine=0.600, Partner degree=0.529
  seed 0 done in 35s
=== seed 1 | positives {'train': 10822, 'val': 2621, 'test_C2': 2336, 'test_C3': 117}
Exception ignored in: 'gensim.models.word2vec_inner.our_dot_float'
  Biomni only                GCN             val=0.649 C2=0.627 C3=0.576
  Biomni only                GAT             val=0.644 C2=0.639 C3=0.576
  Biomni only                GraphSAGE       val=0.592 C2=0.589 C3=0.582
  Biomni only                MLP (no graph)  val=0.593 C2=0.625 C3=0.638
  ESM only                   GCN             val=0.601 C2=0.584 C3=0.552
  ESM only                   GAT             val=0.680 C2=0.662 C3=0.567
  ESM only                   GraphSAGE       val=0.726 C2=0.713 C3=0.616
  ESM only                   MLP (no graph)  val=0.721 C2=0.731 C3=0.688
  Node2Vec only              GCN             val=0.516 C2=0.499 C3=0.500
  Node2Vec only              GAT             val=0.507 C2=0.495 C3=0.484
  Node2Vec only              GraphSAGE       val=0.519 C2=0.502 C3=0.498
  Node2Vec only              MLP (no graph)  val=0.516 C2=0.522 C3=0.476
  Biomni + ESM               GCN             val=0.676 C2=0.673 C3=0.605
  Biomni + ESM               GAT             val=0.682 C2=0.658 C3=0.542
  Biomni + ESM               GraphSAGE       val=0.716 C2=0.708 C3=0.645
  Biomni + ESM               MLP (no graph)  val=0.729 C2=0.740 C3=0.700
  Biomni + Node2Vec          GCN             val=0.626 C2=0.643 C3=0.592
  Biomni + Node2Vec          GAT             val=0.649 C2=0.632 C3=0.579
  Biomni + Node2Vec          GraphSAGE       val=0.633 C2=0.610 C3=0.576
  Biomni + Node2Vec          MLP (no graph)  val=0.625 C2=0.604 C3=0.542
  ESM + Node2Vec             GCN             val=0.721 C2=0.708 C3=0.621
  ESM + Node2Vec             GAT             val=0.721 C2=0.677 C3=0.568
  ESM + Node2Vec             GraphSAGE       val=0.716 C2=0.695 C3=0.603
  ESM + Node2Vec             MLP (no graph)  val=0.707 C2=0.695 C3=0.622
  Biomni + ESM + Node2Vec    GCN             val=0.681 C2=0.657 C3=0.603
  Biomni + ESM + Node2Vec    GAT             val=0.696 C2=0.674 C3=0.625
  Biomni + ESM + Node2Vec    GraphSAGE       val=0.768 C2=0.724 C3=0.645
  Biomni + ESM + Node2Vec    MLP (no graph)  val=0.730 C2=0.722 C3=0.629
  baselines C2: Common neighbors=0.500, Adamic-Adar=0.500, Resource allocation=0.500, Preferential attachment=0.500, ESM cosine=0.608, Partner degree=0.516
  seed 1 done in 37s
=== seed 2 | positives {'train': 10990, 'val': 2514, 'test_C2': 2271, 'test_C3': 103}
Exception ignored in: 'gensim.models.word2vec_inner.our_dot_float'
  Biomni only                GCN             val=0.649 C2=0.640 C3=0.558
  Biomni only                GAT             val=0.646 C2=0.640 C3=0.554
  Biomni only                GraphSAGE       val=0.629 C2=0.610 C3=0.537
  Biomni only                MLP (no graph)  val=0.637 C2=0.621 C3=0.567
  ESM only                   GCN             val=0.698 C2=0.699 C3=0.676
  ESM only                   GAT             val=0.704 C2=0.708 C3=0.663
  ESM only                   GraphSAGE       val=0.687 C2=0.691 C3=0.672
  ESM only                   MLP (no graph)  val=0.690 C2=0.697 C3=0.687
  Node2Vec only              GCN             val=0.508 C2=0.509 C3=0.550
  Node2Vec only              GAT             val=0.507 C2=0.517 C3=0.568
  Node2Vec only              GraphSAGE       val=0.498 C2=0.494 C3=0.532
  Node2Vec only              MLP (no graph)  val=0.522 C2=0.516 C3=0.468
  Biomni + ESM               GCN             val=0.686 C2=0.693 C3=0.615
  Biomni + ESM               GAT             val=0.669 C2=0.662 C3=0.600
  Biomni + ESM               GraphSAGE       val=0.693 C2=0.700 C3=0.668
  Biomni + ESM               MLP (no graph)  val=0.695 C2=0.721 C3=0.694
  Biomni + Node2Vec          GCN             val=0.655 C2=0.641 C3=0.555
  Biomni + Node2Vec          GAT             val=0.653 C2=0.633 C3=0.554
  Biomni + Node2Vec          GraphSAGE       val=0.628 C2=0.633 C3=0.531
  Biomni + Node2Vec          MLP (no graph)  val=0.646 C2=0.633 C3=0.572
  ESM + Node2Vec             GCN             val=0.692 C2=0.690 C3=0.596
  ESM + Node2Vec             GAT             val=0.693 C2=0.697 C3=0.608
  ESM + Node2Vec             GraphSAGE       val=0.698 C2=0.684 C3=0.620
  ESM + Node2Vec             MLP (no graph)  val=0.708 C2=0.702 C3=0.665
  Biomni + ESM + Node2Vec    GCN             val=0.679 C2=0.685 C3=0.592
  Biomni + ESM + Node2Vec    GAT             val=0.684 C2=0.682 C3=0.641
  Biomni + ESM + Node2Vec    GraphSAGE       val=0.692 C2=0.699 C3=0.657
  Biomni + ESM + Node2Vec    MLP (no graph)  val=0.699 C2=0.717 C3=0.694
  baselines C2: Common neighbors=0.500, Adamic-Adar=0.500, Resource allocation=0.500, Preferential attachment=0.500, ESM cosine=0.604, Partner degree=0.518
  seed 2 done in 35s
=== seed 3 | positives {'train': 10273, 'val': 2765, 'test_C2': 2570, 'test_C3': 150}
Exception ignored in: 'gensim.models.word2vec_inner.our_dot_float'
  Biomni only                GCN             val=0.628 C2=0.649 C3=0.570
  Biomni only                GAT             val=0.636 C2=0.663 C3=0.577
  Biomni only                GraphSAGE       val=0.593 C2=0.590 C3=0.525
  Biomni only                MLP (no graph)  val=0.621 C2=0.611 C3=0.560
  ESM only                   GCN             val=0.707 C2=0.678 C3=0.683
  ESM only                   GAT             val=0.717 C2=0.696 C3=0.662
  ESM only                   GraphSAGE       val=0.717 C2=0.717 C3=0.749
  ESM only                   MLP (no graph)  val=0.742 C2=0.733 C3=0.782
  Node2Vec only              GCN             val=0.515 C2=0.509 C3=0.469
  Node2Vec only              GAT             val=0.502 C2=0.510 C3=0.487
  Node2Vec only              GraphSAGE       val=0.518 C2=0.509 C3=0.461
  Node2Vec only              MLP (no graph)  val=0.515 C2=0.525 C3=0.517
  Biomni + ESM               GCN             val=0.680 C2=0.682 C3=0.666
  Biomni + ESM               GAT             val=0.681 C2=0.679 C3=0.636
  Biomni + ESM               GraphSAGE       val=0.712 C2=0.719 C3=0.715
  Biomni + ESM               MLP (no graph)  val=0.743 C2=0.734 C3=0.774
  Biomni + Node2Vec          GCN             val=0.588 C2=0.639 C3=0.559
  Biomni + Node2Vec          GAT             val=0.598 C2=0.645 C3=0.563
  Biomni + Node2Vec          GraphSAGE       val=0.616 C2=0.607 C3=0.543
  Biomni + Node2Vec          MLP (no graph)  val=0.616 C2=0.636 C3=0.511
  ESM + Node2Vec             GCN             val=0.695 C2=0.670 C3=0.646
  ESM + Node2Vec             GAT             val=0.690 C2=0.668 C3=0.650
  ESM + Node2Vec             GraphSAGE       val=0.720 C2=0.726 C3=0.693
  ESM + Node2Vec             MLP (no graph)  val=0.723 C2=0.720 C3=0.726
  Biomni + ESM + Node2Vec    GCN             val=0.696 C2=0.705 C3=0.682
  Biomni + ESM + Node2Vec    GAT             val=0.688 C2=0.716 C3=0.685
  Biomni + ESM + Node2Vec    GraphSAGE       val=0.726 C2=0.730 C3=0.693
  Biomni + ESM + Node2Vec    MLP (no graph)  val=0.699 C2=0.706 C3=0.703
  baselines C2: Common neighbors=0.500, Adamic-Adar=0.500, Resource allocation=0.500, Preferential attachment=0.500, ESM cosine=0.610, Partner degree=0.536
  seed 3 done in 37s
=== seed 4 | positives {'train': 10059, 'val': 3002, 'test_C2': 2458, 'test_C3': 169}
Exception ignored in: 'gensim.models.word2vec_inner.our_dot_float'
  Biomni only                GCN             val=0.683 C2=0.658 C3=0.589
  Biomni only                GAT             val=0.686 C2=0.671 C3=0.581
  Biomni only                GraphSAGE       val=0.591 C2=0.594 C3=0.567
  Biomni only                MLP (no graph)  val=0.616 C2=0.627 C3=0.608
  ESM only                   GCN             val=0.709 C2=0.745 C3=0.737
  ESM only                   GAT             val=0.665 C2=0.682 C3=0.599
  ESM only                   GraphSAGE       val=0.703 C2=0.730 C3=0.729
  ESM only                   MLP (no graph)  val=0.730 C2=0.749 C3=0.788
  Node2Vec only              GCN             val=0.508 C2=0.502 C3=0.491
  Node2Vec only              GAT             val=0.486 C2=0.504 C3=0.512
  Node2Vec only              GraphSAGE       val=0.509 C2=0.508 C3=0.515
  Node2Vec only              MLP (no graph)  val=0.518 C2=0.510 C3=0.498
  Biomni + ESM               GCN             val=0.706 C2=0.704 C3=0.638
  Biomni + ESM               GAT             val=0.705 C2=0.699 C3=0.615
  Biomni + ESM               GraphSAGE       val=0.714 C2=0.724 C3=0.740
  Biomni + ESM               MLP (no graph)  val=0.731 C2=0.750 C3=0.779
  Biomni + Node2Vec          GCN             val=0.662 C2=0.632 C3=0.562
  Biomni + Node2Vec          GAT             val=0.676 C2=0.657 C3=0.577
  Biomni + Node2Vec          GraphSAGE       val=0.619 C2=0.592 C3=0.564
  Biomni + Node2Vec          MLP (no graph)  val=0.653 C2=0.640 C3=0.567
  ESM + Node2Vec             GCN             val=0.715 C2=0.753 C3=0.723
  ESM + Node2Vec             GAT             val=0.714 C2=0.742 C3=0.694
  ESM + Node2Vec             GraphSAGE       val=0.744 C2=0.761 C3=0.686
  ESM + Node2Vec             MLP (no graph)  val=0.728 C2=0.741 C3=0.742
  Biomni + ESM + Node2Vec    GCN             val=0.736 C2=0.737 C3=0.670
  Biomni + ESM + Node2Vec    GAT             val=0.737 C2=0.738 C3=0.646
  Biomni + ESM + Node2Vec    GraphSAGE       val=0.701 C2=0.723 C3=0.694
  Biomni + ESM + Node2Vec    MLP (no graph)  val=0.747 C2=0.758 C3=0.766
  baselines C2: Common neighbors=0.500, Adamic-Adar=0.500, Resource allocation=0.500, Preferential attachment=0.500, ESM cosine=0.619, Partner degree=0.516
  seed 4 done in 34s
=== seed 5 | positives {'train': 10774, 'val': 2391, 'test_C2': 2586, 'test_C3': 143}
Exception ignored in: 'gensim.models.word2vec_inner.our_dot_float'
Exception ignored in: 'gensim.models.word2vec_inner.our_dot_float'
Exception ignored in: 'gensim.models.word2vec_inner.our_dot_float'
  Biomni only                GCN             val=0.638 C2=0.631 C3=0.494
  Biomni only                GAT             val=0.655 C2=0.642 C3=0.500
  Biomni only                GraphSAGE       val=0.594 C2=0.583 C3=0.477
  Biomni only                MLP (no graph)  val=0.608 C2=0.614 C3=0.544
  ESM only                   GCN             val=0.686 C2=0.678 C3=0.613
  ESM only                   GAT             val=0.669 C2=0.637 C3=0.648
  ESM only                   GraphSAGE       val=0.693 C2=0.672 C3=0.649
  ESM only                   MLP (no graph)  val=0.717 C2=0.716 C3=0.670
  Node2Vec only              GCN             val=0.518 C2=0.532 C3=0.565
  Node2Vec only              GAT             val=0.496 C2=0.541 C3=0.508
  Node2Vec only              GraphSAGE       val=0.493 C2=0.505 C3=0.526
  Node2Vec only              MLP (no graph)  val=0.521 C2=0.513 C3=0.496
  Biomni + ESM               GCN             val=0.700 C2=0.680 C3=0.597
  Biomni + ESM               GAT             val=0.697 C2=0.667 C3=0.556
  Biomni + ESM               GraphSAGE       val=0.703 C2=0.680 C3=0.654
  Biomni + ESM               MLP (no graph)  val=0.727 C2=0.724 C3=0.699
  Biomni + Node2Vec          GCN             val=0.635 C2=0.617 C3=0.501
  Biomni + Node2Vec          GAT             val=0.637 C2=0.619 C3=0.509
  Biomni + Node2Vec          GraphSAGE       val=0.620 C2=0.602 C3=0.501
  Biomni + Node2Vec          MLP (no graph)  val=0.614 C2=0.616 C3=0.484
  ESM + Node2Vec             GCN             val=0.701 C2=0.690 C3=0.666
  ESM + Node2Vec             GAT             val=0.664 C2=0.669 C3=0.620
  ESM + Node2Vec             GraphSAGE       val=0.705 C2=0.702 C3=0.669
  ESM + Node2Vec             MLP (no graph)  val=0.699 C2=0.690 C3=0.624
  Biomni + ESM + Node2Vec    GCN             val=0.678 C2=0.665 C3=0.573
  Biomni + ESM + Node2Vec    GAT             val=0.691 C2=0.676 C3=0.586
  Biomni + ESM + Node2Vec    GraphSAGE       val=0.691 C2=0.676 C3=0.626
  Biomni + ESM + Node2Vec    MLP (no graph)  val=0.698 C2=0.679 C3=0.611
  baselines C2: Common neighbors=0.500, Adamic-Adar=0.500, Resource allocation=0.500, Preferential attachment=0.500, ESM cosine=0.607, Partner degree=0.523
  seed 5 done in 32s
=== seed 6 | positives {'train': 10041, 'val': 2761, 'test_C2': 2723, 'test_C3': 194}
  Biomni only                GCN             val=0.673 C2=0.681 C3=0.613
  Biomni only                GAT             val=0.658 C2=0.682 C3=0.611
  Biomni only                GraphSAGE       val=0.605 C2=0.623 C3=0.602
  Biomni only                MLP (no graph)  val=0.637 C2=0.634 C3=0.646
  ESM only                   GCN             val=0.727 C2=0.739 C3=0.740
  ESM only                   GAT             val=0.635 C2=0.645 C3=0.579
  ESM only                   GraphSAGE       val=0.727 C2=0.752 C3=0.695
  ESM only                   MLP (no graph)  val=0.745 C2=0.763 C3=0.737
  Node2Vec only              GCN             val=0.496 C2=0.509 C3=0.518
  Node2Vec only              GAT             val=0.482 C2=0.513 C3=0.484
  Node2Vec only              GraphSAGE       val=0.518 C2=0.509 C3=0.526
  Node2Vec only              MLP (no graph)  val=0.511 C2=0.507 C3=0.508
  Biomni + ESM               GCN             val=0.714 C2=0.707 C3=0.642
  Biomni + ESM               GAT             val=0.723 C2=0.722 C3=0.655
  Biomni + ESM               GraphSAGE       val=0.728 C2=0.734 C3=0.685
  Biomni + ESM               MLP (no graph)  val=0.750 C2=0.769 C3=0.750
  Biomni + Node2Vec          GCN             val=0.667 C2=0.655 C3=0.577
  Biomni + Node2Vec          GAT             val=0.667 C2=0.650 C3=0.587
  Biomni + Node2Vec          GraphSAGE       val=0.658 C2=0.653 C3=0.599
  Biomni + Node2Vec          MLP (no graph)  val=0.641 C2=0.671 C3=0.615
  ESM + Node2Vec             GCN             val=0.728 C2=0.751 C3=0.717
  ESM + Node2Vec             GAT             val=0.722 C2=0.739 C3=0.702
  ESM + Node2Vec             GraphSAGE       val=0.706 C2=0.732 C3=0.684
  ESM + Node2Vec             MLP (no graph)  val=0.741 C2=0.767 C3=0.747
  Biomni + ESM + Node2Vec    GCN             val=0.727 C2=0.730 C3=0.673
  Biomni + ESM + Node2Vec    GAT             val=0.714 C2=0.723 C3=0.627
  Biomni + ESM + Node2Vec    GraphSAGE       val=0.715 C2=0.728 C3=0.684
  Biomni + ESM + Node2Vec    MLP (no graph)  val=0.742 C2=0.765 C3=0.723
  baselines C2: Common neighbors=0.500, Adamic-Adar=0.500, Resource allocation=0.500, Preferential attachment=0.500, ESM cosine=0.627, Partner degree=0.524
  seed 6 done in 34s
=== seed 7 | positives {'train': 10631, 'val': 2335, 'test_C2': 2758, 'test_C3': 171}
Exception ignored in: 'gensim.models.word2vec_inner.our_dot_float'
  Biomni only                GCN             val=0.674 C2=0.633 C3=0.556
  Biomni only                GAT             val=0.682 C2=0.624 C3=0.558
  Biomni only                GraphSAGE       val=0.596 C2=0.585 C3=0.575
  Biomni only                MLP (no graph)  val=0.626 C2=0.601 C3=0.566
  ESM only                   GCN             val=0.590 C2=0.578 C3=0.548
  ESM only                   GAT             val=0.647 C2=0.597 C3=0.560
  ESM only                   GraphSAGE       val=0.725 C2=0.679 C3=0.601
  ESM only                   MLP (no graph)  val=0.725 C2=0.683 C3=0.624
  Node2Vec only              GCN             val=0.508 C2=0.514 C3=0.448
  Node2Vec only              GAT             val=0.505 C2=0.519 C3=0.452
  Node2Vec only              GraphSAGE       val=0.493 C2=0.503 C3=0.510
  Node2Vec only              MLP (no graph)  val=0.511 C2=0.505 C3=0.515
  Biomni + ESM               GCN             val=0.692 C2=0.652 C3=0.587
  Biomni + ESM               GAT             val=0.683 C2=0.658 C3=0.552
  Biomni + ESM               GraphSAGE       val=0.735 C2=0.668 C3=0.606
  Biomni + ESM               MLP (no graph)  val=0.731 C2=0.691 C3=0.626
  Biomni + Node2Vec          GCN             val=0.662 C2=0.619 C3=0.588
  Biomni + Node2Vec          GAT             val=0.671 C2=0.626 C3=0.570
  Biomni + Node2Vec          GraphSAGE       val=0.636 C2=0.609 C3=0.563
  Biomni + Node2Vec          MLP (no graph)  val=0.664 C2=0.641 C3=0.570
  ESM + Node2Vec             GCN             val=0.704 C2=0.653 C3=0.574
  ESM + Node2Vec             GAT             val=0.702 C2=0.673 C3=0.555
  ESM + Node2Vec             GraphSAGE       val=0.657 C2=0.630 C3=0.600
  ESM + Node2Vec             MLP (no graph)  val=0.727 C2=0.693 C3=0.590
  Biomni + ESM + Node2Vec    GCN             val=0.688 C2=0.635 C3=0.579
  Biomni + ESM + Node2Vec    GAT             val=0.703 C2=0.645 C3=0.567
  Biomni + ESM + Node2Vec    GraphSAGE       val=0.726 C2=0.670 C3=0.591
  Biomni + ESM + Node2Vec    MLP (no graph)  val=0.724 C2=0.696 C3=0.593
  baselines C2: Common neighbors=0.500, Adamic-Adar=0.500, Resource allocation=0.500, Preferential attachment=0.500, ESM cosine=0.608, Partner degree=0.523
  seed 7 done in 32s
=== seed 8 | positives {'train': 10706, 'val': 2453, 'test_C2': 2567, 'test_C3': 141}
Exception ignored in: 'gensim.models.word2vec_inner.our_dot_float'
Exception ignored in: 'gensim.models.word2vec_inner.our_dot_float'
  Biomni only                GCN             val=0.679 C2=0.664 C3=0.594
  Biomni only                GAT             val=0.681 C2=0.658 C3=0.596
  Biomni only                GraphSAGE       val=0.647 C2=0.634 C3=0.591
  Biomni only                MLP (no graph)  val=0.593 C2=0.597 C3=0.600
  ESM only                   GCN             val=0.716 C2=0.718 C3=0.701
  ESM only                   GAT             val=0.716 C2=0.732 C3=0.688
  ESM only                   GraphSAGE       val=0.712 C2=0.713 C3=0.689
  ESM only                   MLP (no graph)  val=0.749 C2=0.727 C3=0.720
  Node2Vec only              GCN             val=0.517 C2=0.527 C3=0.498
  Node2Vec only              GAT             val=0.497 C2=0.512 C3=0.492
  Node2Vec only              GraphSAGE       val=0.519 C2=0.508 C3=0.542
  Node2Vec only              MLP (no graph)  val=0.516 C2=0.516 C3=0.505
  Biomni + ESM               GCN             val=0.673 C2=0.651 C3=0.617
  Biomni + ESM               GAT             val=0.708 C2=0.687 C3=0.650
  Biomni + ESM               GraphSAGE       val=0.723 C2=0.720 C3=0.682
  Biomni + ESM               MLP (no graph)  val=0.751 C2=0.734 C3=0.728
  Biomni + Node2Vec          GCN             val=0.678 C2=0.648 C3=0.600
  Biomni + Node2Vec          GAT             val=0.660 C2=0.653 C3=0.585
  Biomni + Node2Vec          GraphSAGE       val=0.633 C2=0.603 C3=0.611
  Biomni + Node2Vec          MLP (no graph)  val=0.644 C2=0.630 C3=0.579
  ESM + Node2Vec             GCN             val=0.696 C2=0.711 C3=0.654
  ESM + Node2Vec             GAT             val=0.685 C2=0.693 C3=0.644
  ESM + Node2Vec             GraphSAGE       val=0.695 C2=0.699 C3=0.650
  ESM + Node2Vec             MLP (no graph)  val=0.721 C2=0.736 C3=0.703
  Biomni + ESM + Node2Vec    GCN             val=0.707 C2=0.703 C3=0.673
  Biomni + ESM + Node2Vec    GAT             val=0.690 C2=0.696 C3=0.654
  Biomni + ESM + Node2Vec    GraphSAGE       val=0.710 C2=0.708 C3=0.662
  Biomni + ESM + Node2Vec    MLP (no graph)  val=0.731 C2=0.745 C3=0.703
  baselines C2: Common neighbors=0.500, Adamic-Adar=0.500, Resource allocation=0.500, Preferential attachment=0.500, ESM cosine=0.598, Partner degree=0.520
  seed 8 done in 33s
=== seed 9 | positives {'train': 10203, 'val': 2951, 'test_C2': 2432, 'test_C3': 157}
  Biomni only                GCN             val=0.688 C2=0.645 C3=0.652
  Biomni only                GAT             val=0.673 C2=0.648 C3=0.646
  Biomni only                GraphSAGE       val=0.563 C2=0.580 C3=0.652
  Biomni only                MLP (no graph)  val=0.634 C2=0.619 C3=0.664
  ESM only                   GCN             val=0.725 C2=0.701 C3=0.735
  ESM only                   GAT             val=0.654 C2=0.659 C3=0.659
  ESM only                   GraphSAGE       val=0.721 C2=0.708 C3=0.725
  ESM only                   MLP (no graph)  val=0.746 C2=0.729 C3=0.736
  Node2Vec only              GCN             val=0.507 C2=0.524 C3=0.495
  Node2Vec only              GAT             val=0.522 C2=0.513 C3=0.494
  Node2Vec only              GraphSAGE       val=0.522 C2=0.522 C3=0.469
  Node2Vec only              MLP (no graph)  val=0.531 C2=0.527 C3=0.490
  Biomni + ESM               GCN             val=0.682 C2=0.677 C3=0.693
  Biomni + ESM               GAT             val=0.688 C2=0.693 C3=0.672
  Biomni + ESM               GraphSAGE       val=0.712 C2=0.721 C3=0.724
  Biomni + ESM               MLP (no graph)  val=0.751 C2=0.738 C3=0.742
  Biomni + Node2Vec          GCN             val=0.658 C2=0.655 C3=0.664
  Biomni + Node2Vec          GAT             val=0.638 C2=0.636 C3=0.664
  Biomni + Node2Vec          GraphSAGE       val=0.654 C2=0.636 C3=0.626
  Biomni + Node2Vec          MLP (no graph)  val=0.659 C2=0.653 C3=0.627
  ESM + Node2Vec             GCN             val=0.710 C2=0.691 C3=0.677
  ESM + Node2Vec             GAT             val=0.722 C2=0.712 C3=0.626
  ESM + Node2Vec             GraphSAGE       val=0.706 C2=0.690 C3=0.701
  ESM + Node2Vec             MLP (no graph)  val=0.752 C2=0.741 C3=0.739
  Biomni + ESM + Node2Vec    GCN             val=0.721 C2=0.715 C3=0.724
  Biomni + ESM + Node2Vec    GAT             val=0.710 C2=0.715 C3=0.686
  Biomni + ESM + Node2Vec    GraphSAGE       val=0.738 C2=0.727 C3=0.714
  Biomni + ESM + Node2Vec    MLP (no graph)  val=0.736 C2=0.732 C3=0.696
  baselines C2: Common neighbors=0.500, Adamic-Adar=0.500, Resource allocation=0.500, Preferential attachment=0.500, ESM cosine=0.612, Partner degree=0.521
  seed 9 done in 32s
                feature_set                    model  C2_auc_mean  C2_auc_std  C3_auc_mean
0              Biomni + ESM           MLP (no graph)     0.733012    0.020271     0.718728
1                  ESM only           MLP (no graph)     0.726017    0.023030     0.712945
2   Biomni + ESM + Node2Vec           MLP (no graph)     0.720815    0.028916     0.673815
3            ESM + Node2Vec           MLP (no graph)     0.719001    0.025994     0.681116
4   Biomni + ESM + Node2Vec                GraphSAGE     0.709942    0.021898     0.661227
5              Biomni + ESM                GraphSAGE     0.708607    0.020546     0.679884
6                  ESM only                GraphSAGE     0.707957    0.023542     0.675787
7            ESM + Node2Vec                GraphSAGE     0.703988    0.034914     0.654054
8            ESM + Node2Vec                      GCN     0.701542    0.031621     0.655199
9   Biomni + ESM + Node2Vec                      GAT     0.696658    0.027895     0.636891
10           ESM + Node2Vec                      GAT     0.696029    0.027231     0.632214
11  Biomni + ESM + Node2Vec                      GCN     0.690546    0.033200     0.639795
12                 ESM only                      GCN     0.682895    0.057951     0.667832
13             Biomni + ESM                      GCN     0.681012    0.019002     0.631037
14             Biomni + ESM                      GAT     0.679805    0.020770     0.609461
15                 ESM only                      GAT     0.667078    0.038650     0.624678
16              Biomni only                      GAT     0.652265    0.017003     0.579478
17              Biomni only                      GCN     0.648351    0.016602     0.578752
18        Biomni + Node2Vec                      GCN     0.639764    0.013522     0.578865
19        Biomni + Node2Vec                      GAT     0.639547    0.012237     0.577331
20        Biomni + Node2Vec           MLP (no graph)     0.638195    0.019631     0.570403
21        Biomni + Node2Vec                GraphSAGE     0.618198    0.019868     0.570868
22              Biomni only           MLP (no graph)     0.617259    0.011716     0.606977
23   Baseline (no training)               ESM cosine     0.609472    0.008741     0.608578
24              Biomni only                GraphSAGE     0.599130    0.018077     0.570145
25   Baseline (no training)           Partner degree     0.522726    0.006104     0.500000
26            Node2Vec only                      GCN     0.514826    0.011085     0.505908
27            Node2Vec only           MLP (no graph)     0.514327    0.008469     0.495482
28            Node2Vec only                      GAT     0.513017    0.011960     0.501372
29            Node2Vec only                GraphSAGE     0.505382    0.008058     0.506822
30   Baseline (no training)         Common neighbors     0.500000    0.000000     0.500000
31   Baseline (no training)      Resource allocation     0.500000    0.000000     0.500000
32   Baseline (no training)  Preferential attachment     0.500000    0.000000     0.500000
33   Baseline (no training)              Adamic-Adar     0.500000    0.000000     0.500000
