Mode=fixed | nodes=3257 undirected edges=16315 isolated=1650
Biomni cols=['signal_peptide_strength', 'log1p_tm_domains', 'cysteine_content', 'gravy_hydrophobicity', 'log_protein_length', 'instability_index', 'isoelectric_point', 'vaccine_score']
Biomni column SDs: [1.0, 1.0, 1.0, 1.0, 1.0, 1.0, 1.0, 1.0]
corr(protein_length, molecular_weight)=0.9988 | ESM dim=480
=== seed 0 ===
Exception ignored in: 'gensim.models.word2vec_inner.our_dot_float'
Exception ignored in: 'gensim.models.word2vec_inner.our_dot_float'
  Node2Vec refit on train edges: 18.7s
  Biomni only                GCN        val=0.930 test=0.933 ap=0.923 ep=60 sat=0.00
  Biomni only                GAT        val=0.870 test=0.884 ap=0.795 ep=60 sat=0.00
  Biomni only                GraphSAGE  val=0.935 test=0.938 ap=0.922 ep=58 sat=0.00
  ESM only                   GCN        val=0.939 test=0.936 ap=0.933 ep=60 sat=0.00
  ESM only                   GAT        val=0.914 test=0.913 ap=0.881 ep=60 sat=0.00
  ESM only                   GraphSAGE  val=0.949 test=0.944 ap=0.931 ep=25 sat=0.00
  Node2Vec only              GCN        val=0.974 test=0.972 ap=0.970 ep=14 sat=0.00
  Node2Vec only              GAT        val=0.964 test=0.963 ap=0.947 ep=8 sat=0.00
  Node2Vec only              GraphSAGE  val=0.962 test=0.957 ap=0.943 ep=11 sat=0.00
  Biomni + ESM               GCN        val=0.946 test=0.946 ap=0.943 ep=58 sat=0.00
  Biomni + ESM               GAT        val=0.912 test=0.923 ap=0.888 ep=55 sat=0.00
  Biomni + ESM               GraphSAGE  val=0.947 test=0.944 ap=0.930 ep=13 sat=0.00
  Biomni + Node2Vec          GCN        val=0.966 test=0.966 ap=0.964 ep=21 sat=0.00
  Biomni + Node2Vec          GAT        val=0.956 test=0.958 ap=0.951 ep=59 sat=0.00
  Biomni + Node2Vec          GraphSAGE  val=0.960 test=0.955 ap=0.941 ep=7 sat=0.00
  ESM + Node2Vec             GCN        val=0.968 test=0.965 ap=0.962 ep=33 sat=0.00
  ESM + Node2Vec             GAT        val=0.952 test=0.953 ap=0.934 ep=25 sat=0.00
  ESM + Node2Vec             GraphSAGE  val=0.951 test=0.947 ap=0.933 ep=8 sat=0.00
  Biomni + ESM + Node2Vec    GCN        val=0.965 test=0.962 ap=0.959 ep=41 sat=0.00
  Biomni + ESM + Node2Vec    GAT        val=0.954 test=0.955 ap=0.941 ep=44 sat=0.00
  Biomni + ESM + Node2Vec    GraphSAGE  val=0.957 test=0.958 ap=0.954 ep=25 sat=0.00
  Topology heuristic         Common neighbors         test=0.959
  Topology heuristic         Adamic-Adar              test=0.960
  Topology heuristic         Resource allocation      test=0.960
  Topology heuristic         Preferential attachment  test=0.953
  seed 0 done in 66s
=== seed 1 ===
Exception ignored in: 'gensim.models.word2vec_inner.our_dot_float'
Exception ignored in: 'gensim.models.word2vec_inner.our_dot_float'
Exception ignored in: 'gensim.models.word2vec_inner.our_dot_float'
  Node2Vec refit on train edges: 21.3s
  Biomni only                GCN        val=0.937 test=0.935 ap=0.926 ep=60 sat=0.00
  Biomni only                GAT        val=0.891 test=0.895 ap=0.817 ep=60 sat=0.00
  Biomni only                GraphSAGE  val=0.931 test=0.936 ap=0.917 ep=59 sat=0.00
  ESM only                   GCN        val=0.946 test=0.936 ap=0.930 ep=59 sat=0.00
  ESM only                   GAT        val=0.912 test=0.915 ap=0.885 ep=60 sat=0.00
  ESM only                   GraphSAGE  val=0.941 test=0.944 ap=0.930 ep=31 sat=0.00
  Node2Vec only              GCN        val=0.971 test=0.968 ap=0.965 ep=14 sat=0.00
  Node2Vec only              GAT        val=0.954 test=0.956 ap=0.943 ep=5 sat=0.00
  Node2Vec only              GraphSAGE  val=0.953 test=0.956 ap=0.946 ep=11 sat=0.00
  Biomni + ESM               GCN        val=0.950 test=0.941 ap=0.935 ep=59 sat=0.00
  Biomni + ESM               GAT        val=0.907 test=0.917 ap=0.879 ep=60 sat=0.00
  Biomni + ESM               GraphSAGE  val=0.942 test=0.948 ap=0.945 ep=59 sat=0.00
  Biomni + Node2Vec          GCN        val=0.968 test=0.962 ap=0.964 ep=50 sat=0.00
  Biomni + Node2Vec          GAT        val=0.952 test=0.952 ap=0.936 ep=26 sat=0.00
  Biomni + Node2Vec          GraphSAGE  val=0.944 test=0.953 ap=0.940 ep=7 sat=0.00
  ESM + Node2Vec             GCN        val=0.968 test=0.960 ap=0.955 ep=30 sat=0.00
  ESM + Node2Vec             GAT        val=0.950 test=0.954 ap=0.942 ep=41 sat=0.00
  ESM + Node2Vec             GraphSAGE  val=0.959 test=0.956 ap=0.962 ep=58 sat=0.00
  Biomni + ESM + Node2Vec    GCN        val=0.968 test=0.962 ap=0.959 ep=52 sat=0.00
  Biomni + ESM + Node2Vec    GAT        val=0.948 test=0.953 ap=0.944 ep=60 sat=0.00
  Biomni + ESM + Node2Vec    GraphSAGE  val=0.959 test=0.953 ap=0.960 ep=59 sat=0.00
  Topology heuristic         Common neighbors         test=0.955
  Topology heuristic         Adamic-Adar              test=0.956
  Topology heuristic         Resource allocation      test=0.956
  Topology heuristic         Preferential attachment  test=0.950
  seed 1 done in 72s
=== seed 2 ===
Exception ignored in: 'gensim.models.word2vec_inner.our_dot_float'
  Node2Vec refit on train edges: 12.6s
  Biomni only                GCN        val=0.926 test=0.936 ap=0.923 ep=60 sat=0.00
  Biomni only                GAT        val=0.885 test=0.892 ap=0.819 ep=60 sat=0.00
  Biomni only                GraphSAGE  val=0.932 test=0.937 ap=0.918 ep=59 sat=0.00
  ESM only                   GCN        val=0.934 test=0.940 ap=0.936 ep=56 sat=0.00
  ESM only                   GAT        val=0.909 test=0.916 ap=0.887 ep=59 sat=0.00
  ESM only                   GraphSAGE  val=0.942 test=0.946 ap=0.929 ep=21 sat=0.00
  Node2Vec only              GCN        val=0.967 test=0.972 ap=0.970 ep=13 sat=0.00
  Node2Vec only              GAT        val=0.959 test=0.958 ap=0.944 ep=6 sat=0.00
  Node2Vec only              GraphSAGE  val=0.958 test=0.960 ap=0.946 ep=12 sat=0.00
  Biomni + ESM               GCN        val=0.943 test=0.950 ap=0.945 ep=58 sat=0.00
  Biomni + ESM               GAT        val=0.891 test=0.894 ap=0.824 ep=25 sat=0.00
  Biomni + ESM               GraphSAGE  val=0.937 test=0.941 ap=0.922 ep=13 sat=0.00
  Biomni + Node2Vec          GCN        val=0.962 test=0.968 ap=0.965 ep=23 sat=0.00
  Biomni + Node2Vec          GAT        val=0.949 test=0.956 ap=0.936 ep=22 sat=0.00
  Biomni + Node2Vec          GraphSAGE  val=0.943 test=0.950 ap=0.937 ep=8 sat=0.00
  ESM + Node2Vec             GCN        val=0.963 test=0.968 ap=0.965 ep=46 sat=0.00
  ESM + Node2Vec             GAT        val=0.947 test=0.953 ap=0.934 ep=25 sat=0.00
  ESM + Node2Vec             GraphSAGE  val=0.951 test=0.961 ap=0.954 ep=27 sat=0.00
  Biomni + ESM + Node2Vec    GCN        val=0.963 test=0.966 ap=0.962 ep=29 sat=0.00
  Biomni + ESM + Node2Vec    GAT        val=0.947 test=0.958 ap=0.947 ep=55 sat=0.00
  Biomni + ESM + Node2Vec    GraphSAGE  val=0.949 test=0.958 ap=0.949 ep=21 sat=0.00
  Topology heuristic         Common neighbors         test=0.962
  Topology heuristic         Adamic-Adar              test=0.963
  Topology heuristic         Resource allocation      test=0.964
  Topology heuristic         Preferential attachment  test=0.957
  seed 2 done in 43s
=== seed 3 ===
Exception ignored in: 'gensim.models.word2vec_inner.our_dot_float'
  Node2Vec refit on train edges: 12.2s
  Biomni only                GCN        val=0.934 test=0.942 ap=0.934 ep=60 sat=0.00
  Biomni only                GAT        val=0.906 test=0.908 ap=0.842 ep=60 sat=0.00
  Biomni only                GraphSAGE  val=0.932 test=0.939 ap=0.922 ep=60 sat=0.00
  ESM only                   GCN        val=0.940 test=0.942 ap=0.938 ep=60 sat=0.00
  ESM only                   GAT        val=0.915 test=0.910 ap=0.885 ep=60 sat=0.00
  ESM only                   GraphSAGE  val=0.943 test=0.947 ap=0.936 ep=21 sat=0.00
  Node2Vec only              GCN        val=0.968 test=0.970 ap=0.970 ep=15 sat=0.00
  Node2Vec only              GAT        val=0.959 test=0.953 ap=0.941 ep=7 sat=0.00
  Node2Vec only              GraphSAGE  val=0.956 test=0.956 ap=0.943 ep=12 sat=0.00
  Biomni + ESM               GCN        val=0.947 test=0.951 ap=0.948 ep=60 sat=0.00
  Biomni + ESM               GAT        val=0.919 test=0.920 ap=0.881 ep=60 sat=0.00
  Biomni + ESM               GraphSAGE  val=0.941 test=0.944 ap=0.932 ep=16 sat=0.00
  Biomni + Node2Vec          GCN        val=0.966 test=0.969 ap=0.968 ep=28 sat=0.00
  Biomni + Node2Vec          GAT        val=0.956 test=0.954 ap=0.944 ep=29 sat=0.00
  Biomni + Node2Vec          GraphSAGE  val=0.954 test=0.958 ap=0.946 ep=9 sat=0.00
  ESM + Node2Vec             GCN        val=0.964 test=0.966 ap=0.964 ep=40 sat=0.00
  ESM + Node2Vec             GAT        val=0.960 test=0.956 ap=0.941 ep=22 sat=0.00
  ESM + Node2Vec             GraphSAGE  val=0.957 test=0.958 ap=0.960 ep=41 sat=0.00
  Biomni + ESM + Node2Vec    GCN        val=0.963 test=0.966 ap=0.964 ep=42 sat=0.00
  Biomni + ESM + Node2Vec    GAT        val=0.951 test=0.951 ap=0.936 ep=44 sat=0.00
  Biomni + ESM + Node2Vec    GraphSAGE  val=0.951 test=0.952 ap=0.941 ep=6 sat=0.00
  Topology heuristic         Common neighbors         test=0.954
  Topology heuristic         Adamic-Adar              test=0.956
  Topology heuristic         Resource allocation      test=0.957
  Topology heuristic         Preferential attachment  test=0.956
  seed 3 done in 45s
=== seed 4 ===
Exception ignored in: 'gensim.models.word2vec_inner.our_dot_float'
  Node2Vec refit on train edges: 12.5s
  Biomni only                GCN        val=0.932 test=0.940 ap=0.931 ep=60 sat=0.00
  Biomni only                GAT        val=0.884 test=0.889 ap=0.807 ep=60 sat=0.00
  Biomni only                GraphSAGE  val=0.925 test=0.927 ap=0.892 ep=27 sat=0.00
  ESM only                   GCN        val=0.941 test=0.950 ap=0.945 ep=60 sat=0.00
  ESM only                   GAT        val=0.914 test=0.925 ap=0.896 ep=60 sat=0.00
  ESM only                   GraphSAGE  val=0.942 test=0.950 ap=0.939 ep=21 sat=0.00
  Node2Vec only              GCN        val=0.968 test=0.974 ap=0.976 ep=13 sat=0.00
  Node2Vec only              GAT        val=0.954 test=0.964 ap=0.957 ep=6 sat=0.00
  Node2Vec only              GraphSAGE  val=0.954 test=0.958 ap=0.948 ep=11 sat=0.00
  Biomni + ESM               GCN        val=0.944 test=0.952 ap=0.948 ep=58 sat=0.00
  Biomni + ESM               GAT        val=0.915 test=0.919 ap=0.889 ep=60 sat=0.00
  Biomni + ESM               GraphSAGE  val=0.938 test=0.944 ap=0.932 ep=16 sat=0.00
  Biomni + Node2Vec          GCN        val=0.964 test=0.968 ap=0.971 ep=33 sat=0.00
  Biomni + Node2Vec          GAT        val=0.951 test=0.956 ap=0.950 ep=22 sat=0.00
  Biomni + Node2Vec          GraphSAGE  val=0.955 test=0.961 ap=0.952 ep=9 sat=0.00
  ESM + Node2Vec             GCN        val=0.963 test=0.967 ap=0.965 ep=36 sat=0.00
  ESM + Node2Vec             GAT        val=0.946 test=0.950 ap=0.934 ep=31 sat=0.00
  ESM + Node2Vec             GraphSAGE  val=0.947 test=0.953 ap=0.944 ep=11 sat=0.00
  Biomni + ESM + Node2Vec    GCN        val=0.964 test=0.967 ap=0.967 ep=46 sat=0.00
  Biomni + ESM + Node2Vec    GAT        val=0.950 test=0.955 ap=0.941 ep=23 sat=0.00
  Biomni + ESM + Node2Vec    GraphSAGE  val=0.947 test=0.956 ap=0.956 ep=23 sat=0.00
  Topology heuristic         Common neighbors         test=0.962
  Topology heuristic         Adamic-Adar              test=0.963
  Topology heuristic         Resource allocation      test=0.964
  Topology heuristic         Preferential attachment  test=0.958
  seed 4 done in 42s
=== seed 5 ===
Exception ignored in: 'gensim.models.word2vec_inner.our_dot_float'
Exception ignored in: 'gensim.models.word2vec_inner.our_dot_float'
Exception ignored in: 'gensim.models.word2vec_inner.our_dot_float'
  Node2Vec refit on train edges: 12.6s
  Biomni only                GCN        val=0.924 test=0.934 ap=0.923 ep=60 sat=0.00
  Biomni only                GAT        val=0.886 test=0.907 ap=0.850 ep=60 sat=0.00
  Biomni only                GraphSAGE  val=0.932 test=0.940 ap=0.929 ep=58 sat=0.00
  ESM only                   GCN        val=0.933 test=0.939 ap=0.937 ep=60 sat=0.00
  ESM only                   GAT        val=0.902 test=0.911 ap=0.880 ep=60 sat=0.00
  ESM only                   GraphSAGE  val=0.938 test=0.943 ap=0.933 ep=23 sat=0.00
  Node2Vec only              GCN        val=0.966 test=0.970 ap=0.970 ep=12 sat=0.00
  Node2Vec only              GAT        val=0.957 test=0.961 ap=0.951 ep=6 sat=0.00
  Node2Vec only              GraphSAGE  val=0.948 test=0.955 ap=0.945 ep=10 sat=0.00
  Biomni + ESM               GCN        val=0.943 test=0.949 ap=0.948 ep=60 sat=0.00
  Biomni + ESM               GAT        val=0.907 test=0.919 ap=0.892 ep=58 sat=0.00
  Biomni + ESM               GraphSAGE  val=0.936 test=0.942 ap=0.931 ep=13 sat=0.00
  Biomni + Node2Vec          GCN        val=0.960 test=0.967 ap=0.967 ep=27 sat=0.00
  Biomni + Node2Vec          GAT        val=0.949 test=0.955 ap=0.950 ep=41 sat=0.00
  Biomni + Node2Vec          GraphSAGE  val=0.945 test=0.947 ap=0.935 ep=6 sat=0.00
  ESM + Node2Vec             GCN        val=0.960 test=0.964 ap=0.964 ep=46 sat=0.00
  ESM + Node2Vec             GAT        val=0.945 test=0.950 ap=0.938 ep=29 sat=0.00
  ESM + Node2Vec             GraphSAGE  val=0.957 test=0.957 ap=0.961 ep=56 sat=0.00
  Biomni + ESM + Node2Vec    GCN        val=0.957 test=0.963 ap=0.963 ep=54 sat=0.00
  Biomni + ESM + Node2Vec    GAT        val=0.944 test=0.950 ap=0.946 ep=60 sat=0.00
  Biomni + ESM + Node2Vec    GraphSAGE  val=0.961 test=0.960 ap=0.962 ep=57 sat=0.00
  Topology heuristic         Common neighbors         test=0.956
  Topology heuristic         Adamic-Adar              test=0.958
  Topology heuristic         Resource allocation      test=0.958
  Topology heuristic         Preferential attachment  test=0.956
  seed 5 done in 49s
=== seed 6 ===
Exception ignored in: 'gensim.models.word2vec_inner.our_dot_float'
Exception ignored in: 'gensim.models.word2vec_inner.our_dot_float'
  Node2Vec refit on train edges: 12.5s
  Biomni only                GCN        val=0.922 test=0.930 ap=0.917 ep=59 sat=0.00
  Biomni only                GAT        val=0.863 test=0.886 ap=0.812 ep=60 sat=0.00
  Biomni only                GraphSAGE  val=0.929 test=0.935 ap=0.915 ep=55 sat=0.00
  ESM only                   GCN        val=0.935 test=0.938 ap=0.932 ep=60 sat=0.00
  ESM only                   GAT        val=0.904 test=0.922 ap=0.889 ep=60 sat=0.00
  ESM only                   GraphSAGE  val=0.939 test=0.947 ap=0.936 ep=20 sat=0.00
  Node2Vec only              GCN        val=0.968 test=0.971 ap=0.968 ep=13 sat=0.00
  Node2Vec only              GAT        val=0.955 test=0.956 ap=0.946 ep=8 sat=0.00
  Node2Vec only              GraphSAGE  val=0.953 test=0.960 ap=0.950 ep=10 sat=0.00
  Biomni + ESM               GCN        val=0.940 test=0.942 ap=0.935 ep=60 sat=0.00
  Biomni + ESM               GAT        val=0.868 test=0.878 ap=0.773 ep=14 sat=0.00
  Biomni + ESM               GraphSAGE  val=0.946 test=0.951 ap=0.947 ep=60 sat=0.00
  Biomni + Node2Vec          GCN        val=0.965 test=0.970 ap=0.971 ep=55 sat=0.00
  Biomni + Node2Vec          GAT        val=0.951 test=0.961 ap=0.957 ep=59 sat=0.00
  Biomni + Node2Vec          GraphSAGE  val=0.947 test=0.951 ap=0.939 ep=6 sat=0.00
  ESM + Node2Vec             GCN        val=0.960 test=0.965 ap=0.962 ep=41 sat=0.00
  ESM + Node2Vec             GAT        val=0.946 test=0.955 ap=0.947 ep=36 sat=0.00
  ESM + Node2Vec             GraphSAGE  val=0.952 test=0.959 ap=0.962 ep=37 sat=0.00
  Biomni + ESM + Node2Vec    GCN        val=0.955 test=0.962 ap=0.959 ep=37 sat=0.00
  Biomni + ESM + Node2Vec    GAT        val=0.943 test=0.954 ap=0.947 ep=55 sat=0.00
  Biomni + ESM + Node2Vec    GraphSAGE  val=0.956 test=0.963 ap=0.965 ep=57 sat=0.00
  Topology heuristic         Common neighbors         test=0.953
  Topology heuristic         Adamic-Adar              test=0.954
  Topology heuristic         Resource allocation      test=0.955
  Topology heuristic         Preferential attachment  test=0.953
  seed 6 done in 49s
=== seed 7 ===
Exception ignored in: 'gensim.models.word2vec_inner.our_dot_float'
  Node2Vec refit on train edges: 12.7s
  Biomni only                GCN        val=0.932 test=0.934 ap=0.919 ep=60 sat=0.00
  Biomni only                GAT        val=0.896 test=0.902 ap=0.832 ep=60 sat=0.00
  Biomni only                GraphSAGE  val=0.938 test=0.938 ap=0.919 ep=55 sat=0.00
  ESM only                   GCN        val=0.938 test=0.942 ap=0.935 ep=60 sat=0.00
  ESM only                   GAT        val=0.922 test=0.924 ap=0.901 ep=60 sat=0.00
  ESM only                   GraphSAGE  val=0.947 test=0.948 ap=0.936 ep=20 sat=0.00
  Node2Vec only              GCN        val=0.969 test=0.968 ap=0.964 ep=6 sat=0.00
  Node2Vec only              GAT        val=0.955 test=0.954 ap=0.937 ep=5 sat=0.00
  Node2Vec only              GraphSAGE  val=0.954 test=0.954 ap=0.943 ep=11 sat=0.00
  Biomni + ESM               GCN        val=0.947 test=0.949 ap=0.944 ep=58 sat=0.00
  Biomni + ESM               GAT        val=0.915 test=0.924 ap=0.893 ep=54 sat=0.00
  Biomni + ESM               GraphSAGE  val=0.952 test=0.949 ap=0.945 ep=50 sat=0.00
  Biomni + Node2Vec          GCN        val=0.967 test=0.967 ap=0.964 ep=26 sat=0.00
  Biomni + Node2Vec          GAT        val=0.952 test=0.954 ap=0.950 ep=57 sat=0.00
  Biomni + Node2Vec          GraphSAGE  val=0.957 test=0.957 ap=0.947 ep=8 sat=0.00
  ESM + Node2Vec             GCN        val=0.966 test=0.965 ap=0.962 ep=44 sat=0.00
  ESM + Node2Vec             GAT        val=0.953 test=0.955 ap=0.943 ep=44 sat=0.00
  ESM + Node2Vec             GraphSAGE  val=0.953 test=0.955 ap=0.951 ep=23 sat=0.00
  Biomni + ESM + Node2Vec    GCN        val=0.966 test=0.966 ap=0.963 ep=50 sat=0.00
  Biomni + ESM + Node2Vec    GAT        val=0.950 test=0.954 ap=0.945 ep=51 sat=0.00
  Biomni + ESM + Node2Vec    GraphSAGE  val=0.955 test=0.953 ap=0.950 ep=23 sat=0.00
  Topology heuristic         Common neighbors         test=0.955
  Topology heuristic         Adamic-Adar              test=0.956
  Topology heuristic         Resource allocation      test=0.957
  Topology heuristic         Preferential attachment  test=0.957
  seed 7 done in 48s
=== seed 8 ===
Exception ignored in: 'gensim.models.word2vec_inner.our_dot_float'
  Node2Vec refit on train edges: 12.5s
  Biomni only                GCN        val=0.930 test=0.942 ap=0.931 ep=60 sat=0.00
  Biomni only                GAT        val=0.907 test=0.909 ap=0.844 ep=60 sat=0.00
  Biomni only                GraphSAGE  val=0.930 test=0.941 ap=0.918 ep=60 sat=0.00
  ESM only                   GCN        val=0.936 test=0.944 ap=0.940 ep=60 sat=0.00
  ESM only                   GAT        val=0.900 test=0.897 ap=0.870 ep=60 sat=0.00
  ESM only                   GraphSAGE  val=0.942 test=0.950 ap=0.937 ep=22 sat=0.00
  Node2Vec only              GCN        val=0.968 test=0.974 ap=0.973 ep=15 sat=0.00
  Node2Vec only              GAT        val=0.955 test=0.957 ap=0.937 ep=4 sat=0.00
  Node2Vec only              GraphSAGE  val=0.952 test=0.953 ap=0.944 ep=11 sat=0.00
  Biomni + ESM               GCN        val=0.943 test=0.951 ap=0.946 ep=60 sat=0.00
  Biomni + ESM               GAT        val=0.918 test=0.918 ap=0.875 ep=60 sat=0.00
  Biomni + ESM               GraphSAGE  val=0.940 test=0.948 ap=0.934 ep=22 sat=0.00
  Biomni + Node2Vec          GCN        val=0.962 test=0.971 ap=0.971 ep=31 sat=0.00
  Biomni + Node2Vec          GAT        val=0.951 test=0.955 ap=0.950 ep=21 sat=0.00
  Biomni + Node2Vec          GraphSAGE  val=0.956 test=0.955 ap=0.943 ep=9 sat=0.00
  ESM + Node2Vec             GCN        val=0.963 test=0.969 ap=0.965 ep=44 sat=0.00
  ESM + Node2Vec             GAT        val=0.946 test=0.948 ap=0.935 ep=23 sat=0.00
  ESM + Node2Vec             GraphSAGE  val=0.952 test=0.958 ap=0.949 ep=15 sat=0.00
  Biomni + ESM + Node2Vec    GCN        val=0.962 test=0.969 ap=0.966 ep=37 sat=0.00
  Biomni + ESM + Node2Vec    GAT        val=0.951 test=0.955 ap=0.945 ep=45 sat=0.00
  Biomni + ESM + Node2Vec    GraphSAGE  val=0.948 test=0.955 ap=0.954 ep=27 sat=0.00
  Topology heuristic         Common neighbors         test=0.961
  Topology heuristic         Adamic-Adar              test=0.962
  Topology heuristic         Resource allocation      test=0.963
  Topology heuristic         Preferential attachment  test=0.963
  seed 8 done in 45s
=== seed 9 ===
Exception ignored in: 'gensim.models.word2vec_inner.our_dot_float'
Exception ignored in: 'gensim.models.word2vec_inner.our_dot_float'
  Node2Vec refit on train edges: 12.4s
  Biomni only                GCN        val=0.931 test=0.934 ap=0.923 ep=60 sat=0.00
  Biomni only                GAT        val=0.894 test=0.896 ap=0.806 ep=60 sat=0.00
  Biomni only                GraphSAGE  val=0.928 test=0.933 ap=0.908 ep=54 sat=0.00
  ESM only                   GCN        val=0.949 test=0.945 ap=0.942 ep=58 sat=0.00
  ESM only                   GAT        val=0.916 test=0.916 ap=0.886 ep=60 sat=0.00
  ESM only                   GraphSAGE  val=0.948 test=0.948 ap=0.942 ep=27 sat=0.00
  Node2Vec only              GCN        val=0.974 test=0.975 ap=0.971 ep=10 sat=0.00
  Node2Vec only              GAT        val=0.959 test=0.957 ap=0.946 ep=6 sat=0.00
  Node2Vec only              GraphSAGE  val=0.964 test=0.960 ap=0.951 ep=10 sat=0.00
  Biomni + ESM               GCN        val=0.949 test=0.948 ap=0.944 ep=60 sat=0.00
  Biomni + ESM               GAT        val=0.923 test=0.924 ap=0.892 ep=60 sat=0.00
  Biomni + ESM               GraphSAGE  val=0.945 test=0.948 ap=0.941 ep=14 sat=0.00
  Biomni + Node2Vec          GCN        val=0.971 test=0.968 ap=0.964 ep=29 sat=0.00
  Biomni + Node2Vec          GAT        val=0.965 test=0.959 ap=0.952 ep=31 sat=0.00
  Biomni + Node2Vec          GraphSAGE  val=0.965 test=0.961 ap=0.961 ep=24 sat=0.00
  ESM + Node2Vec             GCN        val=0.971 test=0.969 ap=0.966 ep=59 sat=0.00
  ESM + Node2Vec             GAT        val=0.956 test=0.954 ap=0.941 ep=39 sat=0.00
  ESM + Node2Vec             GraphSAGE  val=0.965 test=0.958 ap=0.963 ep=50 sat=0.00
  Biomni + ESM + Node2Vec    GCN        val=0.969 test=0.967 ap=0.963 ep=33 sat=0.00
  Biomni + ESM + Node2Vec    GAT        val=0.958 test=0.955 ap=0.952 ep=60 sat=0.00
  Biomni + ESM + Node2Vec    GraphSAGE  val=0.967 test=0.962 ap=0.966 ep=48 sat=0.00
  Topology heuristic         Common neighbors         test=0.961
  Topology heuristic         Adamic-Adar              test=0.962
  Topology heuristic         Resource allocation      test=0.963
  Topology heuristic         Preferential attachment  test=0.960
  seed 9 done in 50s
                feature_set                    model  auc_mean   auc_std   ap_mean  test_saturated_mean
0             Node2Vec only                      GCN  0.971366  0.002393  0.969766                  0.0
1         Biomni + Node2Vec                      GCN  0.967569  0.002598  0.966818                  0.0
2            ESM + Node2Vec                      GCN  0.965805  0.002563  0.963089                  0.0
3   Biomni + ESM + Node2Vec                      GCN  0.965146  0.002529  0.962483                  0.0
4        Topology heuristic      Resource allocation  0.959535  0.003538  0.960139                  NaN
5        Topology heuristic              Adamic-Adar  0.959077  0.003494  0.959341                  NaN
6             Node2Vec only                      GAT  0.957898  0.003592  0.944916                  0.0
7        Topology heuristic         Common neighbors  0.957898  0.003593  0.956421                  NaN
8             Node2Vec only                GraphSAGE  0.957068  0.002601  0.946068                  0.0
9   Biomni + ESM + Node2Vec                GraphSAGE  0.956972  0.003801  0.955681                  0.0
10       Topology heuristic  Preferential attachment  0.956126  0.003742  0.948647                  NaN
11           ESM + Node2Vec                GraphSAGE  0.956090  0.003995  0.953968                  0.0
12        Biomni + Node2Vec                      GAT  0.956019  0.002583  0.947516                  0.0
13        Biomni + Node2Vec                GraphSAGE  0.954817  0.004487  0.944061                  0.0
14  Biomni + ESM + Node2Vec                      GAT  0.953772  0.002318  0.944542                  0.0
15           ESM + Node2Vec                      GAT  0.952814  0.002676  0.938999                  0.0
16             Biomni + ESM                      GCN  0.947881  0.004038  0.943605                  0.0
17                 ESM only                GraphSAGE  0.946555  0.002446  0.934946                  0.0
18             Biomni + ESM                GraphSAGE  0.945947  0.003410  0.935728                  0.0
19                 ESM only                      GCN  0.941273  0.004329  0.936855                  0.0
20              Biomni only                GraphSAGE  0.936458  0.004015  0.916036                  0.0
21              Biomni only                      GCN  0.936026  0.003826  0.925106                  0.0
22                 ESM only                      GAT  0.914868  0.008062  0.886022                  0.0
23             Biomni + ESM                      GAT  0.913447  0.015189  0.868553                  0.0
24              Biomni only                      GAT  0.896626  0.009348  0.822243                  0.0
