Mode=fixed | nodes=3257 undirected edges=16315 isolated=1650
Biomni cols=['signal_peptide_strength', 'log1p_tm_domains', 'cysteine_content', 'gravy_hydrophobicity', 'log_protein_length', 'instability_index', 'isoelectric_point', 'vaccine_score']
Biomni column SDs: [1.0, 1.0, 1.0, 1.0, 1.0, 1.0, 1.0, 1.0]
corr(protein_length, molecular_weight)=0.9988 | ESM dim=1280
=== seed 0 ===
Exception ignored in: 'gensim.models.word2vec_inner.our_dot_float'
Exception ignored in: 'gensim.models.word2vec_inner.our_dot_float'
  Node2Vec refit on train edges: 12.5s
  Biomni only                GCN        val=0.934 test=0.936 ap=0.929 ep=60 sat=0.00
  Biomni only                GAT        val=0.875 test=0.887 ap=0.803 ep=42 sat=0.00
  Biomni only                GraphSAGE  val=0.936 test=0.937 ap=0.923 ep=57 sat=0.00
  ESM only                   GCN        val=0.942 test=0.937 ap=0.934 ep=60 sat=0.00
  ESM only                   GAT        val=0.919 test=0.918 ap=0.898 ep=60 sat=0.00
  ESM only                   GraphSAGE  val=0.949 test=0.945 ap=0.934 ep=25 sat=0.00
  Node2Vec only              GCN        val=0.974 test=0.972 ap=0.970 ep=14 sat=0.00
  Node2Vec only              GAT        val=0.964 test=0.963 ap=0.947 ep=8 sat=0.00
  Node2Vec only              GraphSAGE  val=0.962 test=0.957 ap=0.943 ep=11 sat=0.00
  Biomni + ESM               GCN        val=0.951 test=0.947 ap=0.945 ep=57 sat=0.00
  Biomni + ESM               GAT        val=0.901 test=0.904 ap=0.858 ep=18 sat=0.00
  Biomni + ESM               GraphSAGE  val=0.947 test=0.943 ap=0.932 ep=16 sat=0.00
  Biomni + Node2Vec          GCN        val=0.967 test=0.966 ap=0.963 ep=22 sat=0.00
  Biomni + Node2Vec          GAT        val=0.948 test=0.948 ap=0.926 ep=14 sat=0.00
  Biomni + Node2Vec          GraphSAGE  val=0.960 test=0.954 ap=0.940 ep=7 sat=0.00
  ESM + Node2Vec             GCN        val=0.964 test=0.960 ap=0.957 ep=32 sat=0.00
  ESM + Node2Vec             GAT        val=0.954 test=0.950 ap=0.934 ep=27 sat=0.00
  ESM + Node2Vec             GraphSAGE  val=0.957 test=0.957 ap=0.951 ep=29 sat=0.00
  Biomni + ESM + Node2Vec    GCN        val=0.964 test=0.962 ap=0.959 ep=47 sat=0.00
  Biomni + ESM + Node2Vec    GAT        val=0.949 test=0.952 ap=0.946 ep=59 sat=0.00
  Biomni + ESM + Node2Vec    GraphSAGE  val=0.955 test=0.957 ap=0.953 ep=29 sat=0.00
  Topology heuristic         Common neighbors         test=0.959
  Topology heuristic         Adamic-Adar              test=0.960
  Topology heuristic         Resource allocation      test=0.960
  Topology heuristic         Preferential attachment  test=0.953
  seed 0 done in 42s
=== seed 1 ===
Exception ignored in: 'gensim.models.word2vec_inner.our_dot_float'
Exception ignored in: 'gensim.models.word2vec_inner.our_dot_float'
Exception ignored in: 'gensim.models.word2vec_inner.our_dot_float'
  Node2Vec refit on train edges: 12.2s
  Biomni only                GCN        val=0.945 test=0.931 ap=0.924 ep=57 sat=0.00
  Biomni only                GAT        val=0.900 test=0.889 ap=0.811 ep=60 sat=0.00
  Biomni only                GraphSAGE  val=0.932 test=0.937 ap=0.919 ep=58 sat=0.00
  ESM only                   GCN        val=0.947 test=0.936 ap=0.930 ep=60 sat=0.00
  ESM only                   GAT        val=0.920 test=0.927 ap=0.908 ep=59 sat=0.00
  ESM only                   GraphSAGE  val=0.939 test=0.940 ap=0.928 ep=26 sat=0.00
  Node2Vec only              GCN        val=0.971 test=0.968 ap=0.965 ep=14 sat=0.00
  Node2Vec only              GAT        val=0.954 test=0.956 ap=0.943 ep=5 sat=0.00
  Node2Vec only              GraphSAGE  val=0.953 test=0.956 ap=0.946 ep=11 sat=0.00
  Biomni + ESM               GCN        val=0.953 test=0.942 ap=0.939 ep=58 sat=0.00
  Biomni + ESM               GAT        val=0.926 test=0.932 ap=0.912 ep=58 sat=0.00
  Biomni + ESM               GraphSAGE  val=0.953 test=0.950 ap=0.947 ep=57 sat=0.00
  Biomni + Node2Vec          GCN        val=0.969 test=0.959 ap=0.957 ep=26 sat=0.00
  Biomni + Node2Vec          GAT        val=0.955 test=0.952 ap=0.939 ep=23 sat=0.00
  Biomni + Node2Vec          GraphSAGE  val=0.944 test=0.953 ap=0.940 ep=7 sat=0.00
  ESM + Node2Vec             GCN        val=0.966 test=0.959 ap=0.955 ep=53 sat=0.00
  ESM + Node2Vec             GAT        val=0.947 test=0.948 ap=0.942 ep=60 sat=0.00
  ESM + Node2Vec             GraphSAGE  val=0.956 test=0.952 ap=0.959 ep=60 sat=0.00
  Biomni + ESM + Node2Vec    GCN        val=0.967 test=0.958 ap=0.955 ep=37 sat=0.00
  Biomni + ESM + Node2Vec    GAT        val=0.947 test=0.948 ap=0.936 ep=28 sat=0.00
  Biomni + ESM + Node2Vec    GraphSAGE  val=0.952 test=0.950 ap=0.950 ep=36 sat=0.00
  Topology heuristic         Common neighbors         test=0.955
  Topology heuristic         Adamic-Adar              test=0.956
  Topology heuristic         Resource allocation      test=0.956
  Topology heuristic         Preferential attachment  test=0.950
  seed 1 done in 48s
=== seed 2 ===
Exception ignored in: 'gensim.models.word2vec_inner.our_dot_float'
  Node2Vec refit on train edges: 12.1s
  Biomni only                GCN        val=0.930 test=0.932 ap=0.921 ep=60 sat=0.00
  Biomni only                GAT        val=0.886 test=0.889 ap=0.812 ep=60 sat=0.00
  Biomni only                GraphSAGE  val=0.933 test=0.936 ap=0.916 ep=59 sat=0.00
  ESM only                   GCN        val=0.931 test=0.936 ap=0.931 ep=60 sat=0.00
  ESM only                   GAT        val=0.923 test=0.929 ap=0.906 ep=60 sat=0.00
  ESM only                   GraphSAGE  val=0.944 test=0.946 ap=0.932 ep=25 sat=0.00
  Node2Vec only              GCN        val=0.967 test=0.972 ap=0.970 ep=13 sat=0.00
  Node2Vec only              GAT        val=0.959 test=0.958 ap=0.944 ep=6 sat=0.00
  Node2Vec only              GraphSAGE  val=0.958 test=0.960 ap=0.946 ep=12 sat=0.00
  Biomni + ESM               GCN        val=0.942 test=0.948 ap=0.942 ep=56 sat=0.00
  Biomni + ESM               GAT        val=0.923 test=0.928 ap=0.903 ep=57 sat=0.00
  Biomni + ESM               GraphSAGE  val=0.940 test=0.942 ap=0.925 ep=13 sat=0.00
  Biomni + Node2Vec          GCN        val=0.964 test=0.968 ap=0.964 ep=23 sat=0.00
  Biomni + Node2Vec          GAT        val=0.951 test=0.956 ap=0.940 ep=22 sat=0.00
  Biomni + Node2Vec          GraphSAGE  val=0.943 test=0.950 ap=0.936 ep=8 sat=0.00
  ESM + Node2Vec             GCN        val=0.958 test=0.963 ap=0.959 ep=45 sat=0.00
  ESM + Node2Vec             GAT        val=0.946 test=0.951 ap=0.935 ep=31 sat=0.00
  ESM + Node2Vec             GraphSAGE  val=0.948 test=0.949 ap=0.935 ep=19 sat=0.00
  Biomni + ESM + Node2Vec    GCN        val=0.958 test=0.963 ap=0.959 ep=35 sat=0.00
  Biomni + ESM + Node2Vec    GAT        val=0.947 test=0.952 ap=0.938 ep=37 sat=0.00
  Biomni + ESM + Node2Vec    GraphSAGE  val=0.943 test=0.946 ap=0.932 ep=14 sat=0.00
  Topology heuristic         Common neighbors         test=0.962
  Topology heuristic         Adamic-Adar              test=0.963
  Topology heuristic         Resource allocation      test=0.964
  Topology heuristic         Preferential attachment  test=0.957
  seed 2 done in 42s
=== seed 3 ===
Exception ignored in: 'gensim.models.word2vec_inner.our_dot_float'
  Node2Vec refit on train edges: 12.3s
  Biomni only                GCN        val=0.927 test=0.933 ap=0.919 ep=60 sat=0.00
  Biomni only                GAT        val=0.901 test=0.903 ap=0.829 ep=60 sat=0.00
  Biomni only                GraphSAGE  val=0.930 test=0.937 ap=0.919 ep=60 sat=0.00
  ESM only                   GCN        val=0.935 test=0.935 ap=0.930 ep=60 sat=0.00
  ESM only                   GAT        val=0.925 test=0.924 ap=0.905 ep=60 sat=0.00
  ESM only                   GraphSAGE  val=0.941 test=0.947 ap=0.938 ep=26 sat=0.00
  Node2Vec only              GCN        val=0.968 test=0.970 ap=0.970 ep=15 sat=0.00
  Node2Vec only              GAT        val=0.959 test=0.953 ap=0.941 ep=7 sat=0.00
  Node2Vec only              GraphSAGE  val=0.956 test=0.956 ap=0.943 ep=12 sat=0.00
  Biomni + ESM               GCN        val=0.944 test=0.944 ap=0.940 ep=58 sat=0.00
  Biomni + ESM               GAT        val=0.926 test=0.928 ap=0.911 ep=55 sat=0.00
  Biomni + ESM               GraphSAGE  val=0.940 test=0.946 ap=0.937 ep=18 sat=0.00
  Biomni + Node2Vec          GCN        val=0.963 test=0.967 ap=0.966 ep=28 sat=0.00
  Biomni + Node2Vec          GAT        val=0.954 test=0.953 ap=0.944 ep=30 sat=0.00
  Biomni + Node2Vec          GraphSAGE  val=0.955 test=0.958 ap=0.946 ep=9 sat=0.00
  ESM + Node2Vec             GCN        val=0.960 test=0.965 ap=0.963 ep=29 sat=0.00
  ESM + Node2Vec             GAT        val=0.949 test=0.950 ap=0.933 ep=26 sat=0.00
  ESM + Node2Vec             GraphSAGE  val=0.944 test=0.950 ap=0.942 ep=18 sat=0.00
  Biomni + ESM + Node2Vec    GCN        val=0.958 test=0.964 ap=0.961 ep=43 sat=0.00
  Biomni + ESM + Node2Vec    GAT        val=0.946 test=0.947 ap=0.931 ep=30 sat=0.00
  Biomni + ESM + Node2Vec    GraphSAGE  val=0.943 test=0.948 ap=0.938 ep=7 sat=0.00
  Topology heuristic         Common neighbors         test=0.954
  Topology heuristic         Adamic-Adar              test=0.956
  Topology heuristic         Resource allocation      test=0.957
  Topology heuristic         Preferential attachment  test=0.956
  seed 3 done in 39s
=== seed 4 ===
Exception ignored in: 'gensim.models.word2vec_inner.our_dot_float'
  Node2Vec refit on train edges: 11.4s
  Biomni only                GCN        val=0.929 test=0.942 ap=0.935 ep=60 sat=0.00
  Biomni only                GAT        val=0.876 test=0.891 ap=0.822 ep=60 sat=0.00
  Biomni only                GraphSAGE  val=0.925 test=0.928 ap=0.888 ep=27 sat=0.00
  ESM only                   GCN        val=0.939 test=0.946 ap=0.941 ep=60 sat=0.00
  ESM only                   GAT        val=0.921 test=0.926 ap=0.900 ep=59 sat=0.00
  ESM only                   GraphSAGE  val=0.943 test=0.947 ap=0.936 ep=23 sat=0.00
  Node2Vec only              GCN        val=0.968 test=0.974 ap=0.976 ep=13 sat=0.00
  Node2Vec only              GAT        val=0.954 test=0.964 ap=0.957 ep=6 sat=0.00
  Node2Vec only              GraphSAGE  val=0.954 test=0.958 ap=0.948 ep=11 sat=0.00
  Biomni + ESM               GCN        val=0.939 test=0.949 ap=0.943 ep=58 sat=0.00
  Biomni + ESM               GAT        val=0.919 test=0.926 ap=0.904 ep=60 sat=0.00
  Biomni + ESM               GraphSAGE  val=0.941 test=0.946 ap=0.931 ep=14 sat=0.00
  Biomni + Node2Vec          GCN        val=0.964 test=0.968 ap=0.970 ep=31 sat=0.00
  Biomni + Node2Vec          GAT        val=0.951 test=0.958 ap=0.950 ep=21 sat=0.00
  Biomni + Node2Vec          GraphSAGE  val=0.955 test=0.961 ap=0.952 ep=9 sat=0.00
  ESM + Node2Vec             GCN        val=0.960 test=0.965 ap=0.963 ep=44 sat=0.00
  ESM + Node2Vec             GAT        val=0.945 test=0.950 ap=0.937 ep=36 sat=0.00
  ESM + Node2Vec             GraphSAGE  val=0.947 test=0.951 ap=0.943 ep=14 sat=0.00
  Biomni + ESM + Node2Vec    GCN        val=0.961 test=0.965 ap=0.964 ep=44 sat=0.00
  Biomni + ESM + Node2Vec    GAT        val=0.946 test=0.955 ap=0.949 ep=57 sat=0.00
  Biomni + ESM + Node2Vec    GraphSAGE  val=0.947 test=0.953 ap=0.943 ep=14 sat=0.00
  Topology heuristic         Common neighbors         test=0.962
  Topology heuristic         Adamic-Adar              test=0.963
  Topology heuristic         Resource allocation      test=0.964
  Topology heuristic         Preferential attachment  test=0.958
  seed 4 done in 39s
=== seed 5 ===
Exception ignored in: 'gensim.models.word2vec_inner.our_dot_float'
Exception ignored in: 'gensim.models.word2vec_inner.our_dot_float'
Exception ignored in: 'gensim.models.word2vec_inner.our_dot_float'
  Node2Vec refit on train edges: 11.3s
  Biomni only                GCN        val=0.928 test=0.933 ap=0.927 ep=60 sat=0.00
  Biomni only                GAT        val=0.890 test=0.903 ap=0.834 ep=60 sat=0.00
  Biomni only                GraphSAGE  val=0.932 test=0.939 ap=0.927 ep=58 sat=0.00
  ESM only                   GCN        val=0.933 test=0.938 ap=0.935 ep=56 sat=0.00
  ESM only                   GAT        val=0.921 test=0.920 ap=0.895 ep=56 sat=0.00
  ESM only                   GraphSAGE  val=0.940 test=0.941 ap=0.930 ep=25 sat=0.00
  Node2Vec only              GCN        val=0.966 test=0.970 ap=0.970 ep=12 sat=0.00
  Node2Vec only              GAT        val=0.957 test=0.961 ap=0.951 ep=6 sat=0.00
  Node2Vec only              GraphSAGE  val=0.948 test=0.955 ap=0.945 ep=10 sat=0.00
  Biomni + ESM               GCN        val=0.943 test=0.947 ap=0.945 ep=58 sat=0.00
  Biomni + ESM               GAT        val=0.917 test=0.920 ap=0.895 ep=54 sat=0.00
  Biomni + ESM               GraphSAGE  val=0.939 test=0.942 ap=0.931 ep=18 sat=0.00
  Biomni + Node2Vec          GCN        val=0.961 test=0.966 ap=0.966 ep=27 sat=0.00
  Biomni + Node2Vec          GAT        val=0.949 test=0.953 ap=0.945 ep=38 sat=0.00
  Biomni + Node2Vec          GraphSAGE  val=0.945 test=0.948 ap=0.935 ep=6 sat=0.00
  ESM + Node2Vec             GCN        val=0.956 test=0.962 ap=0.961 ep=35 sat=0.00
  ESM + Node2Vec             GAT        val=0.944 test=0.947 ap=0.939 ep=38 sat=0.00
  ESM + Node2Vec             GraphSAGE  val=0.944 test=0.947 ap=0.938 ep=17 sat=0.00
  Biomni + ESM + Node2Vec    GCN        val=0.957 test=0.962 ap=0.962 ep=27 sat=0.00
  Biomni + ESM + Node2Vec    GAT        val=0.943 test=0.945 ap=0.943 ep=59 sat=0.00
  Biomni + ESM + Node2Vec    GraphSAGE  val=0.956 test=0.956 ap=0.961 ep=60 sat=0.00
  Topology heuristic         Common neighbors         test=0.956
  Topology heuristic         Adamic-Adar              test=0.958
  Topology heuristic         Resource allocation      test=0.958
  Topology heuristic         Preferential attachment  test=0.956
  seed 5 done in 42s
=== seed 6 ===
Exception ignored in: 'gensim.models.word2vec_inner.our_dot_float'
Exception ignored in: 'gensim.models.word2vec_inner.our_dot_float'
  Node2Vec refit on train edges: 11.5s
  Biomni only                GCN        val=0.925 test=0.934 ap=0.920 ep=59 sat=0.00
  Biomni only                GAT        val=0.872 test=0.889 ap=0.820 ep=60 sat=0.00
  Biomni only                GraphSAGE  val=0.929 test=0.936 ap=0.917 ep=55 sat=0.00
  ESM only                   GCN        val=0.932 test=0.934 ap=0.925 ep=59 sat=0.00
  ESM only                   GAT        val=0.912 test=0.922 ap=0.907 ep=60 sat=0.00
  ESM only                   GraphSAGE  val=0.915 test=0.923 ap=0.905 ep=3 sat=0.00
  Node2Vec only              GCN        val=0.968 test=0.971 ap=0.968 ep=13 sat=0.00
  Node2Vec only              GAT        val=0.955 test=0.956 ap=0.946 ep=8 sat=0.00
  Node2Vec only              GraphSAGE  val=0.953 test=0.960 ap=0.950 ep=10 sat=0.00
  Biomni + ESM               GCN        val=0.944 test=0.949 ap=0.944 ep=59 sat=0.00
  Biomni + ESM               GAT        val=0.919 test=0.933 ap=0.920 ep=60 sat=0.00
  Biomni + ESM               GraphSAGE  val=0.937 test=0.945 ap=0.932 ep=16 sat=0.00
  Biomni + Node2Vec          GCN        val=0.965 test=0.971 ap=0.971 ep=54 sat=0.00
  Biomni + Node2Vec          GAT        val=0.948 test=0.957 ap=0.946 ep=24 sat=0.00
  Biomni + Node2Vec          GraphSAGE  val=0.955 test=0.962 ap=0.962 ep=26 sat=0.00
  ESM + Node2Vec             GCN        val=0.958 test=0.964 ap=0.963 ep=60 sat=0.00
  ESM + Node2Vec             GAT        val=0.943 test=0.952 ap=0.949 ep=60 sat=0.00
  ESM + Node2Vec             GraphSAGE  val=0.948 test=0.956 ap=0.952 ep=30 sat=0.00
  Biomni + ESM + Node2Vec    GCN        val=0.956 test=0.963 ap=0.959 ep=60 sat=0.00
  Biomni + ESM + Node2Vec    GAT        val=0.933 test=0.944 ap=0.916 ep=16 sat=0.00
  Biomni + ESM + Node2Vec    GraphSAGE  val=0.954 test=0.962 ap=0.964 ep=55 sat=0.00
  Topology heuristic         Common neighbors         test=0.953
  Topology heuristic         Adamic-Adar              test=0.954
  Topology heuristic         Resource allocation      test=0.955
  Topology heuristic         Preferential attachment  test=0.953
  seed 6 done in 42s
=== seed 7 ===
Exception ignored in: 'gensim.models.word2vec_inner.our_dot_float'
  Node2Vec refit on train edges: 11.4s
  Biomni only                GCN        val=0.933 test=0.935 ap=0.924 ep=60 sat=0.00
  Biomni only                GAT        val=0.890 test=0.895 ap=0.827 ep=60 sat=0.00
  Biomni only                GraphSAGE  val=0.937 test=0.938 ap=0.920 ep=59 sat=0.00
  ESM only                   GCN        val=0.937 test=0.941 ap=0.934 ep=60 sat=0.00
  ESM only                   GAT        val=0.927 test=0.930 ap=0.905 ep=58 sat=0.00
  ESM only                   GraphSAGE  val=0.951 test=0.949 ap=0.944 ep=60 sat=0.00
  Node2Vec only              GCN        val=0.969 test=0.968 ap=0.964 ep=6 sat=0.00
  Node2Vec only              GAT        val=0.955 test=0.954 ap=0.937 ep=5 sat=0.00
  Node2Vec only              GraphSAGE  val=0.954 test=0.954 ap=0.943 ep=11 sat=0.00
  Biomni + ESM               GCN        val=0.948 test=0.950 ap=0.943 ep=57 sat=0.00
  Biomni + ESM               GAT        val=0.930 test=0.934 ap=0.919 ep=60 sat=0.00
  Biomni + ESM               GraphSAGE  val=0.953 test=0.952 ap=0.947 ep=60 sat=0.00
  Biomni + Node2Vec          GCN        val=0.967 test=0.967 ap=0.965 ep=27 sat=0.00
  Biomni + Node2Vec          GAT        val=0.950 test=0.953 ap=0.949 ep=57 sat=0.00
  Biomni + Node2Vec          GraphSAGE  val=0.957 test=0.957 ap=0.947 ep=8 sat=0.00
  ESM + Node2Vec             GCN        val=0.948 test=0.952 ap=0.943 ep=15 sat=0.00
  ESM + Node2Vec             GAT        val=0.941 test=0.944 ap=0.910 ep=20 sat=0.00
  ESM + Node2Vec             GraphSAGE  val=0.954 test=0.951 ap=0.947 ep=38 sat=0.00
  Biomni + ESM + Node2Vec    GCN        val=0.965 test=0.963 ap=0.961 ep=43 sat=0.00
  Biomni + ESM + Node2Vec    GAT        val=0.951 test=0.953 ap=0.945 ep=38 sat=0.00
  Biomni + ESM + Node2Vec    GraphSAGE  val=0.948 test=0.951 ap=0.941 ep=14 sat=0.00
  Topology heuristic         Common neighbors         test=0.955
  Topology heuristic         Adamic-Adar              test=0.956
  Topology heuristic         Resource allocation      test=0.957
  Topology heuristic         Preferential attachment  test=0.957
  seed 7 done in 43s
=== seed 8 ===
Exception ignored in: 'gensim.models.word2vec_inner.our_dot_float'
  Node2Vec refit on train edges: 11.6s
  Biomni only                GCN        val=0.935 test=0.944 ap=0.937 ep=60 sat=0.00
  Biomni only                GAT        val=0.913 test=0.909 ap=0.847 ep=60 sat=0.00
  Biomni only                GraphSAGE  val=0.925 test=0.931 ap=0.900 ep=23 sat=0.00
  ESM only                   GCN        val=0.932 test=0.939 ap=0.934 ep=60 sat=0.00
  ESM only                   GAT        val=0.917 test=0.921 ap=0.894 ep=60 sat=0.00
  ESM only                   GraphSAGE  val=0.941 test=0.949 ap=0.935 ep=26 sat=0.00
  Node2Vec only              GCN        val=0.968 test=0.974 ap=0.973 ep=15 sat=0.00
  Node2Vec only              GAT        val=0.955 test=0.957 ap=0.937 ep=4 sat=0.00
  Node2Vec only              GraphSAGE  val=0.952 test=0.953 ap=0.944 ep=11 sat=0.00
  Biomni + ESM               GCN        val=0.945 test=0.953 ap=0.949 ep=60 sat=0.00
  Biomni + ESM               GAT        val=0.897 test=0.899 ap=0.857 ep=18 sat=0.00
  Biomni + ESM               GraphSAGE  val=0.940 test=0.947 ap=0.933 ep=16 sat=0.00
  Biomni + Node2Vec          GCN        val=0.963 test=0.971 ap=0.971 ep=31 sat=0.00
  Biomni + Node2Vec          GAT        val=0.951 test=0.955 ap=0.951 ep=21 sat=0.00
  Biomni + Node2Vec          GraphSAGE  val=0.956 test=0.955 ap=0.943 ep=9 sat=0.00
  ESM + Node2Vec             GCN        val=0.962 test=0.968 ap=0.965 ep=47 sat=0.00
  ESM + Node2Vec             GAT        val=0.952 test=0.954 ap=0.946 ep=37 sat=0.00
  ESM + Node2Vec             GraphSAGE  val=0.947 test=0.952 ap=0.942 ep=16 sat=0.00
  Biomni + ESM + Node2Vec    GCN        val=0.960 test=0.968 ap=0.965 ep=50 sat=0.00
  Biomni + ESM + Node2Vec    GAT        val=0.948 test=0.949 ap=0.939 ep=36 sat=0.00
  Biomni + ESM + Node2Vec    GraphSAGE  val=0.941 test=0.948 ap=0.934 ep=10 sat=0.00
  Topology heuristic         Common neighbors         test=0.961
  Topology heuristic         Adamic-Adar              test=0.962
  Topology heuristic         Resource allocation      test=0.963
  Topology heuristic         Preferential attachment  test=0.963
  seed 8 done in 38s
=== seed 9 ===
Exception ignored in: 'gensim.models.word2vec_inner.our_dot_float'
Exception ignored in: 'gensim.models.word2vec_inner.our_dot_float'
  Node2Vec refit on train edges: 11.4s
  Biomni only                GCN        val=0.933 test=0.932 ap=0.915 ep=60 sat=0.00
  Biomni only                GAT        val=0.894 test=0.897 ap=0.807 ep=60 sat=0.00
  Biomni only                GraphSAGE  val=0.929 test=0.933 ap=0.906 ep=54 sat=0.00
  ESM only                   GCN        val=0.941 test=0.942 ap=0.938 ep=60 sat=0.00
  ESM only                   GAT        val=0.933 test=0.927 ap=0.909 ep=58 sat=0.00
  ESM only                   GraphSAGE  val=0.948 test=0.949 ap=0.942 ep=20 sat=0.00
  Node2Vec only              GCN        val=0.974 test=0.975 ap=0.971 ep=10 sat=0.00
  Node2Vec only              GAT        val=0.959 test=0.957 ap=0.946 ep=6 sat=0.00
  Node2Vec only              GraphSAGE  val=0.964 test=0.960 ap=0.951 ep=10 sat=0.00
  Biomni + ESM               GCN        val=0.948 test=0.948 ap=0.944 ep=60 sat=0.00
  Biomni + ESM               GAT        val=0.932 test=0.926 ap=0.903 ep=60 sat=0.00
  Biomni + ESM               GraphSAGE  val=0.948 test=0.949 ap=0.943 ep=19 sat=0.00
  Biomni + Node2Vec          GCN        val=0.972 test=0.966 ap=0.963 ep=30 sat=0.00
  Biomni + Node2Vec          GAT        val=0.965 test=0.958 ap=0.956 ep=57 sat=0.00
  Biomni + Node2Vec          GraphSAGE  val=0.965 test=0.960 ap=0.961 ep=24 sat=0.00
  ESM + Node2Vec             GCN        val=0.971 test=0.966 ap=0.964 ep=59 sat=0.00
  ESM + Node2Vec             GAT        val=0.953 test=0.952 ap=0.941 ep=31 sat=0.00
  ESM + Node2Vec             GraphSAGE  val=0.953 test=0.952 ap=0.945 ep=13 sat=0.00
  Biomni + ESM + Node2Vec    GCN        val=0.967 test=0.966 ap=0.962 ep=53 sat=0.00
  Biomni + ESM + Node2Vec    GAT        val=0.957 test=0.952 ap=0.948 ep=51 sat=0.00
  Biomni + ESM + Node2Vec    GraphSAGE  val=0.963 test=0.957 ap=0.961 ep=60 sat=0.00
  Topology heuristic         Common neighbors         test=0.961
  Topology heuristic         Adamic-Adar              test=0.962
  Topology heuristic         Resource allocation      test=0.963
  Topology heuristic         Preferential attachment  test=0.960
  seed 9 done in 45s
                feature_set                    model  auc_mean   auc_std   ap_mean  test_saturated_mean
0             Node2Vec only                      GCN  0.971366  0.002393  0.969766                  0.0
1         Biomni + Node2Vec                      GCN  0.966974  0.003335  0.965730                  0.0
2   Biomni + ESM + Node2Vec                      GCN  0.963465  0.002650  0.960621                  0.0
3            ESM + Node2Vec                      GCN  0.962351  0.004561  0.959344                  0.0
4        Topology heuristic      Resource allocation  0.959535  0.003538  0.960139                  NaN
5        Topology heuristic              Adamic-Adar  0.959077  0.003494  0.959341                  NaN
6             Node2Vec only                      GAT  0.957898  0.003592  0.944916                  0.0
7        Topology heuristic         Common neighbors  0.957898  0.003593  0.956421                  NaN
8             Node2Vec only                GraphSAGE  0.957068  0.002601  0.946068                  0.0
9        Topology heuristic  Preferential attachment  0.956126  0.003742  0.948647                  NaN
10        Biomni + Node2Vec                GraphSAGE  0.955775  0.004772  0.946204                  0.0
11        Biomni + Node2Vec                      GAT  0.954352  0.003123  0.944420                  0.0
12  Biomni + ESM + Node2Vec                GraphSAGE  0.952805  0.005097  0.947623                  0.0
13           ESM + Node2Vec                GraphSAGE  0.951678  0.002985  0.945398                  0.0
14           ESM + Node2Vec                      GAT  0.949861  0.003046  0.936457                  0.0
15  Biomni + ESM + Node2Vec                      GAT  0.949726  0.003768  0.939031                  0.0
16             Biomni + ESM                      GCN  0.947721  0.002842  0.943456                  0.0
17             Biomni + ESM                GraphSAGE  0.946338  0.003384  0.935835                  0.0
18                 ESM only                GraphSAGE  0.943504  0.007806  0.932412                  0.0
19                 ESM only                      GCN  0.938282  0.003632  0.933048                  0.0
20              Biomni only                GraphSAGE  0.935177  0.003535  0.913424                  0.0
21              Biomni only                      GCN  0.935142  0.004155  0.925152                  0.0
22                 ESM only                      GAT  0.924305  0.003962  0.902677                  0.0
23             Biomni + ESM                      GAT  0.922871  0.011959  0.898182                  0.0
24              Biomni only                      GAT  0.895141  0.007495  0.821198                  0.0
